Archive member included to satisfy reference by file (symbol)

/home/royivri/st/stm32cubeclt_1.19.0/GNU-tools-for-STM32/bin/../lib/gcc/arm-none-eabi/13.3.1/thumb/v7-m/nofp/libgcc.a(_arm_addsubdf3.o)
                              CMakeFiles/ra-02_ACTOR.elf.dir/Core/Src/LoRa/LoRa.c.obj (__aeabi_i2d)
/home/royivri/st/stm32cubeclt_1.19.0/GNU-tools-for-STM32/bin/../lib/gcc/arm-none-eabi/13.3.1/thumb/v7-m/nofp/libgcc.a(_arm_muldivdf3.o)
                              CMakeFiles/ra-02_ACTOR.elf.dir/Core/Src/LoRa/LoRa.c.obj (__aeabi_ddiv)
/home/royivri/st/stm32cubeclt_1.19.0/GNU-tools-for-STM32/bin/../lib/gcc/arm-none-eabi/13.3.1/thumb/v7-m/nofp/libgcc.a(_arm_fixdfsi.o)
                              CMakeFiles/ra-02_ACTOR.elf.dir/Core/Src/LoRa/LoRa.c.obj (__aeabi_d2iz)
/home/royivri/st/stm32cubeclt_1.19.0/GNU-tools-for-STM32/bin/../lib/gcc/arm-none-eabi/13.3.1/../../../../arm-none-eabi/lib/thumb/v7-m/nofp/libg.a(libc_a-assert.o)
                              CMakeFiles/ra-02_ACTOR.elf.dir/Core/Src/LoRa/LoRa_Startup.c.obj (__assert_func)
/home/royivri/st/stm32cubeclt_1.19.0/GNU-tools-for-STM32/bin/../lib/gcc/arm-none-eabi/13.3.1/../../../../arm-none-eabi/lib/thumb/v7-m/nofp/libg.a(libc_a-exit.o)
                              /home/royivri/st/stm32cubeclt_1.19.0/GNU-tools-for-STM32/bin/../lib/gcc/arm-none-eabi/13.3.1/../../../../arm-none-eabi/lib/thumb/v7-m/nofp/crt0.o (exit)
/home/royivri/st/stm32cubeclt_1.19.0/GNU-tools-for-STM32/bin/../lib/gcc/arm-none-eabi/13.3.1/../../../../arm-none-eabi/lib/thumb/v7-m/nofp/libg.a(libc_a-fiprintf.o)
                              /home/royivri/st/stm32cubeclt_1.19.0/GNU-tools-for-STM32/bin/../lib/gcc/arm-none-eabi/13.3.1/../../../../arm-none-eabi/lib/thumb/v7-m/nofp/libg.a(libc_a-assert.o) (fiprintf)
/home/royivri/st/stm32cubeclt_1.19.0/GNU-tools-for-STM32/bin/../lib/gcc/arm-none-eabi/13.3.1/../../../../arm-none-eabi/lib/thumb/v7-m/nofp/libg.a(libc_a-vfiprintf.o)
                              /home/royivri/st/stm32cubeclt_1.19.0/GNU-tools-for-STM32/bin/../lib/gcc/arm-none-eabi/13.3.1/../../../../arm-none-eabi/lib/thumb/v7-m/nofp/libg.a(libc_a-fiprintf.o) (_vfiprintf_r)
/home/royivri/st/stm32cubeclt_1.19.0/GNU-tools-for-STM32/bin/../lib/gcc/arm-none-eabi/13.3.1/../../../../arm-none-eabi/lib/thumb/v7-m/nofp/libg.a(libc_a-sprint_r.o)
                              /home/royivri/st/stm32cubeclt_1.19.0/GNU-tools-for-STM32/bin/../lib/gcc/arm-none-eabi/13.3.1/../../../../arm-none-eabi/lib/thumb/v7-m/nofp/libg.a(libc_a-vfiprintf.o) (__sprint_r)
/home/royivri/st/stm32cubeclt_1.19.0/GNU-tools-for-STM32/bin/../lib/gcc/arm-none-eabi/13.3.1/../../../../arm-none-eabi/lib/thumb/v7-m/nofp/libg.a(libc_a-fflush.o)
                              /home/royivri/st/stm32cubeclt_1.19.0/GNU-tools-for-STM32/bin/../lib/gcc/arm-none-eabi/13.3.1/../../../../arm-none-eabi/lib/thumb/v7-m/nofp/libg.a(libc_a-vfiprintf.o) (_fflush_r)
/home/royivri/st/stm32cubeclt_1.19.0/GNU-tools-for-STM32/bin/../lib/gcc/arm-none-eabi/13.3.1/../../../../arm-none-eabi/lib/thumb/v7-m/nofp/libg.a(libc_a-findfp.o)
                              CMakeFiles/ra-02_ACTOR.elf.dir/Middlewares/Third_Party/FreeRTOS/Source/tasks.c.obj (__sf)
/home/royivri/st/stm32cubeclt_1.19.0/GNU-tools-for-STM32/bin/../lib/gcc/arm-none-eabi/13.3.1/../../../../arm-none-eabi/lib/thumb/v7-m/nofp/libg.a(libc_a-fvwrite.o)
                              /home/royivri/st/stm32cubeclt_1.19.0/GNU-tools-for-STM32/bin/../lib/gcc/arm-none-eabi/13.3.1/../../../../arm-none-eabi/lib/thumb/v7-m/nofp/libg.a(libc_a-sprint_r.o) (__sfvwrite_r)
/home/royivri/st/stm32cubeclt_1.19.0/GNU-tools-for-STM32/bin/../lib/gcc/arm-none-eabi/13.3.1/../../../../arm-none-eabi/lib/thumb/v7-m/nofp/libg.a(libc_a-fwalk.o)
                              /home/royivri/st/stm32cubeclt_1.19.0/GNU-tools-for-STM32/bin/../lib/gcc/arm-none-eabi/13.3.1/../../../../arm-none-eabi/lib/thumb/v7-m/nofp/libg.a(libc_a-fflush.o) (_fwalk_sglue)
/home/royivri/st/stm32cubeclt_1.19.0/GNU-tools-for-STM32/bin/../lib/gcc/arm-none-eabi/13.3.1/../../../../arm-none-eabi/lib/thumb/v7-m/nofp/libg.a(libc_a-stdio.o)
                              /home/royivri/st/stm32cubeclt_1.19.0/GNU-tools-for-STM32/bin/../lib/gcc/arm-none-eabi/13.3.1/../../../../arm-none-eabi/lib/thumb/v7-m/nofp/libg.a(libc_a-findfp.o) (__sread)
/home/royivri/st/stm32cubeclt_1.19.0/GNU-tools-for-STM32/bin/../lib/gcc/arm-none-eabi/13.3.1/../../../../arm-none-eabi/lib/thumb/v7-m/nofp/libg.a(libc_a-wsetup.o)
                              /home/royivri/st/stm32cubeclt_1.19.0/GNU-tools-for-STM32/bin/../lib/gcc/arm-none-eabi/13.3.1/../../../../arm-none-eabi/lib/thumb/v7-m/nofp/libg.a(libc_a-vfiprintf.o) (__swsetup_r)
/home/royivri/st/stm32cubeclt_1.19.0/GNU-tools-for-STM32/bin/../lib/gcc/arm-none-eabi/13.3.1/../../../../arm-none-eabi/lib/thumb/v7-m/nofp/libg.a(libc_a-memmove.o)
[...]
Memory Configuration

Name             Origin             Length             Attributes
RAM              0x20000000         0x00005000         xrw
FLASH            0x08000000         0x00010000         xr
*default*        0x00000000         0xffffffff

Linker script and memory map

LOAD /home/royivri/st/stm32cubeclt_1.19.0/GNU-tools-for-STM32/bin/../lib/gcc/arm-none-eabi/13.3.1/thumb/v7-m/nofp/crti.o
LOAD /home/royivri/st/stm32cubeclt_1.19.0/GNU-tools-for-STM32/bin/../lib/gcc/arm-none-eabi/13.3.1/thumb/v7-m/nofp/crtbegin.o
LOAD /home/royivri/st/stm32cubeclt_1.19.0/GNU-tools-for-STM32/bin/../lib/gcc/arm-none-eabi/13.3.1/../../../../arm-none-eabi/lib/thumb/v7-m/nofp/crt0.o
LOAD CMakeFiles/ra-02_ACTOR.elf.dir/Core/Src/LoRa/LoRa.c.obj
LOAD CMakeFiles/ra-02_ACTOR.elf.dir/Core/Src/LoRa/LoRa_Startup.c.obj
LOAD CMakeFiles/ra-02_ACTOR.elf.dir/Core/Src/dma.c.obj
LOAD CMakeFiles/ra-02_ACTOR.elf.dir/Core/Src/freertos.c.obj
LOAD CMakeFiles/ra-02_ACTOR.elf.dir/Core/Src/gpio.c.obj
LOAD CMakeFiles/ra-02_ACTOR.elf.dir/Core/Src/main.c.obj
LOAD CMakeFiles/ra-02_ACTOR.elf.dir/Core/Src/spi.c.obj
LOAD CMakeFiles/ra-02_ACTOR.elf.dir/Core/Src/stm32f1xx_hal_msp.c.obj
LOAD CMakeFiles/ra-02_ACTOR.elf.dir/Core/Src/stm32f1xx_hal_timebase_tim.c.obj
LOAD CMakeFiles/ra-02_ACTOR.elf.dir/Core/Src/stm32f1xx_it.c.obj
LOAD CMakeFiles/ra-02_ACTOR.elf.dir/Core/Src/syscalls.c.obj
LOAD CMakeFiles/ra-02_ACTOR.elf.dir/Core/Src/sysmem.c.obj
LOAD CMakeFiles/ra-02_ACTOR.elf.dir/Core/Src/system_stm32f1xx.c.obj
LOAD CMakeFiles/ra-02_ACTOR.elf.dir/Core/Src/usart.c.obj
LOAD CMakeFiles/ra-02_ACTOR.elf.dir/Core/Startup/startup_stm32f103c8tx.s.obj
LOAD CMakeFiles/ra-02_ACTOR.elf.dir/Drivers/STM32F1xx_HAL_Driver/Src/stm32f1xx_hal.c.obj
LOAD CMakeFiles/ra-02_ACTOR.elf.dir/Drivers/STM32F1xx_HAL_Driver/Src/stm32f1xx_hal_cortex.c.obj
LOAD CMakeFiles/ra-02_ACTOR.elf.dir/Drivers/STM32F1xx_HAL_Driver/Src/stm32f1xx_hal_dma.c.obj
LOAD CMakeFiles/ra-02_ACTOR.elf.dir/Drivers/STM32F1xx_HAL_Driver/Src/stm32f1xx_hal_exti.c.obj
LOAD CMakeFiles/ra-02_ACTOR.elf.dir/Drivers/STM32F1xx_HAL_Driver/Src/stm32f1xx_hal_flash.c.obj
LOAD CMakeFiles/ra-02_ACTOR.elf.dir/Drivers/STM32F1xx_HAL_Driver/Src/stm32f1xx_hal_flash_ex.c.obj
LOAD CMakeFiles/ra-02_ACTOR.elf.dir/Drivers/STM32F1xx_HAL_Driver/Src/stm32f1xx_hal_gpio.c.obj
LOAD CMakeFiles/ra-02_ACTOR.elf.dir/Drivers/STM32F1xx_HAL_Driver/Src/stm32f1xx_hal_gpio_ex.c.obj
LOAD CMakeFiles/ra-02_ACTOR.elf.dir/Drivers/STM32F1xx_HAL_Driver/Src/stm32f1xx_hal_pwr.c.obj
LOAD CMakeFiles/ra-02_ACTOR.elf.dir/Drivers/STM32F1xx_HAL_Driver/Src/stm32f1xx_hal_rcc.c.obj
LOAD CMakeFiles/ra-02_ACTOR.elf.dir/Drivers/STM32F1xx_HAL_Driver/Src/stm32f1xx_hal_rcc_ex.c.obj
LOAD CMakeFiles/ra-02_ACTOR.elf.dir/Drivers/STM32F1xx_HAL_Driver/Src/stm32f1xx_hal_spi.c.obj
LOAD CMakeFiles/ra-02_ACTOR.elf.dir/Drivers/STM32F1xx_HAL_Driver/Src/stm32f1xx_hal_tim.c.obj
LOAD CMakeFiles/ra-02_ACTOR.elf.dir/Drivers/STM32F1xx_HAL_Driver/Src/stm32f1xx_hal_tim_ex.c.obj
LOAD CMakeFiles/ra-02_ACTOR.elf.dir/Drivers/STM32F1xx_HAL_Driver/Src/stm32f1xx_hal_uart.c.obj
LOAD CMakeFiles/ra-02_ACTOR.elf.dir/Middlewares/Third_Party/FreeRTOS/Source/CMSIS_RTOS_V2/cmsis_os2.c.obj
LOAD CMakeFiles/ra-02_ACTOR.elf.dir/Middlewares/Third_Party/FreeRTOS/Source/croutine.c.obj
LOAD CMakeFiles/ra-02_ACTOR.elf.dir/Middlewares/Third_Party/FreeRTOS/Source/event_groups.c.obj
LOAD CMakeFiles/ra-02_ACTOR.elf.dir/Middlewares/Third_Party/FreeRTOS/Source/list.c.obj
LOAD CMakeFiles/ra-02_ACTOR.elf.dir/Middlewares/Third_Party/FreeRTOS/Source/portable/GCC/ARM_CM3/port.c.obj
LOAD CMakeFiles/ra-02_ACTOR.elf.dir/Middlewares/Third_Party/FreeRTOS/Source/portable/MemMang/heap_4.c.obj
LOAD CMakeFiles/ra-02_ACTOR.elf.dir/Middlewares/Third_Party/FreeRTOS/Source/queue.c.obj
LOAD CMakeFiles/ra-02_ACTOR.elf.dir/Middlewares/Third_Party/FreeRTOS/Source/stream_buffer.c.obj
LOAD CMakeFiles/ra-02_ACTOR.elf.dir/Middlewares/Third_Party/FreeRTOS/Source/tasks.c.obj
LOAD CMakeFiles/ra-02_ACTOR.elf.dir/Middlewares/Third_Party/FreeRTOS/Source/timers.c.obj
START GROUP
LOAD /home/royivri/st/stm32cubeclt_1.19.0/GNU-tools-for-STM32/bin/../lib/gcc/arm-none-eabi/13.3.1/thumb/v7-m/nofp/libgcc.a
LOAD /home/royivri/st/stm32cubeclt_1.19.0/GNU-tools-for-STM32/bin/../lib/gcc/arm-none-eabi/13.3.1/../../../../arm-none-eabi/lib/thumb/v7-m/nofp/libg.a
LOAD /home/royivri/st/stm32cubeclt_1.19.0/GNU-tools-for-STM32/bin/../lib/gcc/arm-none-eabi/13.3.1/../../../../arm-none-eabi/lib/thumb/v7-m/nofp/libc.a
END GROUP
LOAD /home/royivri/st/stm32cubeclt_1.19.0/GNU-tools-for-STM32/bin/../lib/gcc/arm-none-eabi/13.3.1/thumb/v7-m/nofp/crtend.o
LOAD /home/royivri/st/stm32cubeclt_1.19.0/GNU-tools-for-STM32/bin/../lib/gcc/arm-none-eabi/13.3.1/thumb/v7-m/nofp/crtn.o
                0x20005000                        _estack = (ORIGIN (RAM) + LENGTH (RAM))
                0x00000200                        _Min_Heap_Size = 0x200
                0x00000400                        _Min_Stack_Size = 0x400

.isr_vector     0x08000000      0x10c
                0x08000000                        . = ALIGN (0x4)
 *(.isr_vector)
 .isr_vector    0x08000000      0x10c CMakeFiles/ra-02_ACTOR.elf.dir/Core/Startup/startup_stm32f103c8tx.s.obj
                0x08000000                g_pfnVectors
                0x0800010c                        . = ALIGN (0x4)

.text           0x08000110     0x3d58
                0x08000110                        . = ALIGN (0x4)
 *(.text)
 .text          0x08000110       0x40 /home/royivri/st/stm32cubeclt_1.19.0/GNU-tools-for-STM32/bin/../lib/gcc/arm-none-eabi/13.3.1/thumb/v7-m/nofp/crtbegin.o
 *(.text*)
 .text.MX_DMA_Init
                0x08000150       0x54 CMakeFiles/ra-02_ACTOR.elf.dir/Core/Src/dma.c.obj
                0x08000150                MX_DMA_Init
 .text.StartDefaultTask
                0x080001a4        0xa CMakeFiles/ra-02_ACTOR.elf.dir/Core/Src/freertos.c.obj
                0x080001a4                StartDefaultTask
 *fill*         0x080001ae        0x2 
 .text.MX_FREERTOS_Init
                0x080001b0       0x20 CMakeFiles/ra-02_ACTOR.elf.dir/Core/Src/freertos.c.obj
                0x080001b0                MX_FREERTOS_Init
 .text.MX_GPIO_Init
                0x080001d0      0x134 CMakeFiles/ra-02_ACTOR.elf.dir/Core/Src/gpio.c.obj
                0x080001d0                MX_GPIO_Init
 .text.HAL_TIM_PeriodElapsedCallback
                0x08000304       0x18 CMakeFiles/ra-02_ACTOR.elf.dir/Core/Src/main.c.obj
                0x08000304                HAL_TIM_PeriodElapsedCallback
 .text.Error_Handler
                0x0800031c        0x4 CMakeFiles/ra-02_ACTOR.elf.dir/Core/Src/main.c.obj
                0x0800031c                Error_Handler
 .text.SystemClock_Config
                0x08000320       0x52 CMakeFiles/ra-02_ACTOR.elf.dir/Core/Src/main.c.obj
                0x08000320                SystemClock_Config
 .text.main     0x08000372       0x2c CMakeFiles/ra-02_ACTOR.elf.dir/Core/Src/main.c.obj
                0x08000372                main
 *fill*         0x0800039e        0x2 
 .text.MX_SPI2_Init
                0x080003a0       0x44 CMakeFiles/ra-02_ACTOR.elf.dir/Core/Src/spi.c.obj
                0x080003a0                MX_SPI2_Init
 .text.HAL_SPI_MspInit
                0x080003e4       0x78 CMakeFiles/ra-02_ACTOR.elf.dir/Core/Src/spi.c.obj
                0x080003e4                HAL_SPI_MspInit
 .text.HAL_MspInit
                0x0800045c       0x54 CMakeFiles/ra-02_ACTOR.elf.dir/Core/Src/stm32f1xx_hal_msp.c.obj
                0x0800045c                HAL_MspInit
 .text.HAL_InitTick
                0x080004b0       0xa0 CMakeFiles/ra-02_ACTOR.elf.dir/Core/Src/stm32f1xx_hal_timebase_tim.c.obj
                0x080004b0                HAL_InitTick
 .text.NMI_Handler
                0x08000550        0x2 CMakeFiles/ra-02_ACTOR.elf.dir/Core/Src/stm32f1xx_it.c.obj
                0x08000550                NMI_Handler
 .text.HardFault_Handler
                0x08000552        0x2 CMakeFiles/ra-02_ACTOR.elf.dir/Core/Src/stm32f1xx_it.c.obj
                0x08000552                HardFault_Handler
 .text.MemManage_Handler
                0x08000554        0x2 CMakeFiles/ra-02_ACTOR.elf.dir/Core/Src/stm32f1xx_it.c.obj
                0x08000554                MemManage_Handler
 .text.BusFault_Handler
                0x08000556        0x2 CMakeFiles/ra-02_ACTOR.elf.dir/Core/Src/stm32f1xx_it.c.obj
                0x08000556                BusFault_Handler
 .text.UsageFault_Handler
                0x08000558        0x2 CMakeFiles/ra-02_ACTOR.elf.dir/Core/Src/stm32f1xx_it.c.obj
                0x08000558                UsageFault_Handler
 .text.DebugMon_Handler
                0x0800055a        0x2 CMakeFiles/ra-02_ACTOR.elf.dir/Core/Src/stm32f1xx_it.c.obj
                0x0800055a                DebugMon_Handler
 .text.EXTI1_IRQHandler
                0x0800055c        0xa CMakeFiles/ra-02_ACTOR.elf.dir/Core/Src/stm32f1xx_it.c.obj
                0x0800055c                EXTI1_IRQHandler
 *fill*         0x08000566        0x2 
 .text.DMA1_Channel2_IRQHandler
                0x08000568       0x10 CMakeFiles/ra-02_ACTOR.elf.dir/Core/Src/stm32f1xx_it.c.obj
                0x08000568                DMA1_Channel2_IRQHandler
 .text.DMA1_Channel3_IRQHandler
                0x08000578       0x10 CMakeFiles/ra-02_ACTOR.elf.dir/Core/Src/stm32f1xx_it.c.obj
                0x08000578                DMA1_Channel3_IRQHandler
 .text.DMA1_Channel7_IRQHandler
                0x08000588       0x10 CMakeFiles/ra-02_ACTOR.elf.dir/Core/Src/stm32f1xx_it.c.obj
                0x08000588                DMA1_Channel7_IRQHandler
 .text.EXTI9_5_IRQHandler
                0x08000598       0x1e CMakeFiles/ra-02_ACTOR.elf.dir/Core/Src/stm32f1xx_it.c.obj
                0x08000598                EXTI9_5_IRQHandler
 *fill*         0x080005b6        0x2 
 .text.TIM3_IRQHandler
                0x080005b8       0x10 CMakeFiles/ra-02_ACTOR.elf.dir/Core/Src/stm32f1xx_it.c.obj
                0x080005b8                TIM3_IRQHandler
 .text.USART2_IRQHandler
                0x080005c8       0x10 CMakeFiles/ra-02_ACTOR.elf.dir/Core/Src/stm32f1xx_it.c.obj
                0x080005c8                USART2_IRQHandler
 .text.USART3_IRQHandler
                0x080005d8       0x10 CMakeFiles/ra-02_ACTOR.elf.dir/Core/Src/stm32f1xx_it.c.obj
                0x080005d8                USART3_IRQHandler
 .text._sbrk    0x080005e8       0x48 CMakeFiles/ra-02_ACTOR.elf.dir/Core/Src/sysmem.c.obj
                0x080005e8                _sbrk
 .text.SystemInit
                0x08000630        0x2 CMakeFiles/ra-02_ACTOR.elf.dir/Core/Src/system_stm32f1xx.c.obj
                0x08000630                SystemInit
 *fill*         0x08000632        0x2 
 .text.MX_USART2_UART_Init
                0x08000634       0x34 CMakeFiles/ra-02_ACTOR.elf.dir/Core/Src/usart.c.obj
                0x08000634                MX_USART2_UART_Init
 .text.MX_USART3_UART_Init
                0x08000668       0x34 CMakeFiles/ra-02_ACTOR.elf.dir/Core/Src/usart.c.obj
                0x08000668                MX_USART3_UART_Init
 .text.HAL_UART_MspInit
                0x0800069c      0x194 CMakeFiles/ra-02_ACTOR.elf.dir/Core/Src/usart.c.obj
                0x0800069c                HAL_UART_MspInit
 .text.Reset_Handler
                0x08000830       0x48 CMakeFiles/ra-02_ACTOR.elf.dir/Core/Startup/startup_stm32f103c8tx.s.obj
                0x08000830                Reset_Handler
 .text.Default_Handler
                0x08000878        0x2 CMakeFiles/ra-02_ACTOR.elf.dir/Core/Startup/startup_stm32f103c8tx.s.obj
                0x08000878                RTC_Alarm_IRQHandler
                0x08000878                EXTI2_IRQHandler
                0x08000878                TIM1_CC_IRQHandler
                0x08000878                PVD_IRQHandler
                0x08000878                EXTI3_IRQHandler
                0x08000878                EXTI0_IRQHandler
                0x08000878                I2C2_EV_IRQHandler
                0x08000878                ADC1_2_IRQHandler
                0x08000878                SPI1_IRQHandler
                0x08000878                TAMPER_IRQHandler
                0x08000878                DMA1_Channel4_IRQHandler
                0x08000878                RTC_IRQHandler
                0x08000878                CAN1_RX1_IRQHandler
                0x08000878                TIM4_IRQHandler
                0x08000878                I2C1_EV_IRQHandler
                0x08000878                DMA1_Channel6_IRQHandler
                0x08000878                RCC_IRQHandler
                0x08000878                TIM1_TRG_COM_IRQHandler
                0x08000878                DMA1_Channel1_IRQHandler
                0x08000878                Default_Handler
                0x08000878                EXTI15_10_IRQHandler
                0x08000878                SPI2_IRQHandler
                0x08000878                DMA1_Channel5_IRQHandler
                0x08000878                EXTI4_IRQHandler
                0x08000878                USB_LP_CAN1_RX0_IRQHandler
                0x08000878                USB_HP_CAN1_TX_IRQHandler
                0x08000878                TIM1_UP_IRQHandler
                0x08000878                WWDG_IRQHandler
                0x08000878                TIM2_IRQHandler
                0x08000878                TIM1_BRK_IRQHandler
                0x08000878                I2C2_ER_IRQHandler
                0x08000878                CAN1_SCE_IRQHandler
                0x08000878                FLASH_IRQHandler
                0x08000878                USART1_IRQHandler
                0x08000878                I2C1_ER_IRQHandler
                0x08000878                USBWakeUp_IRQHandler
 *fill*         0x0800087a        0x2 
 .text.HAL_Init
                0x0800087c       0x24 CMakeFiles/ra-02_ACTOR.elf.dir/Drivers/STM32F1xx_HAL_Driver/Src/stm32f1xx_hal.c.obj
                0x0800087c                HAL_Init
 .text.HAL_IncTick
                0x080008a0       0x18 CMakeFiles/ra-02_ACTOR.elf.dir/Drivers/STM32F1xx_HAL_Driver/Src/stm32f1xx_hal.c.obj
                0x080008a0                HAL_IncTick
 .text.HAL_GetTick
                0x080008b8        0xc CMakeFiles/ra-02_ACTOR.elf.dir/Drivers/STM32F1xx_HAL_Driver/Src/stm32f1xx_hal.c.obj
                0x080008b8                HAL_GetTick
 .text.__NVIC_SetPriority
                0x080008c4       0x28 CMakeFiles/ra-02_ACTOR.elf.dir/Drivers/STM32F1xx_HAL_Driver/Src/stm32f1xx_hal_cortex.c.obj
 .text.NVIC_EncodePriority
                0x080008ec       0x3e CMakeFiles/ra-02_ACTOR.elf.dir/Drivers/STM32F1xx_HAL_Driver/Src/stm32f1xx_hal_cortex.c.obj
 *fill*         0x0800092a        0x2 
 .text.HAL_NVIC_SetPriorityGrouping
                0x0800092c       0x24 CMakeFiles/ra-02_ACTOR.elf.dir/Drivers/STM32F1xx_HAL_Driver/Src/stm32f1xx_hal_cortex.c.obj
                0x0800092c                HAL_NVIC_SetPriorityGrouping
 .text.HAL_NVIC_SetPriority
                0x08000950       0x20 CMakeFiles/ra-02_ACTOR.elf.dir/Drivers/STM32F1xx_HAL_Driver/Src/stm32f1xx_hal_cortex.c.obj
                0x08000950                HAL_NVIC_SetPriority
 .text.HAL_NVIC_EnableIRQ
                0x08000970       0x1c CMakeFiles/ra-02_ACTOR.elf.dir/Drivers/STM32F1xx_HAL_Driver/Src/stm32f1xx_hal_cortex.c.obj
                0x08000970                HAL_NVIC_EnableIRQ
 .text.HAL_DMA_Init
                0x0800098c       0x68 CMakeFiles/ra-02_ACTOR.elf.dir/Drivers/STM32F1xx_HAL_Driver/Src/stm32f1xx_hal_dma.c.obj
                0x0800098c                HAL_DMA_Init
 .text.HAL_DMA_Abort
                0x080009f4       0x46 CMakeFiles/ra-02_ACTOR.elf.dir/Drivers/STM32F1xx_HAL_Driver/Src/stm32f1xx_hal_dma.c.obj
                0x080009f4                HAL_DMA_Abort
 *fill*         0x08000a3a        0x2 
 .text.HAL_DMA_Abort_IT
                0x08000a3c       0x98 CMakeFiles/ra-02_ACTOR.elf.dir/Drivers/STM32F1xx_HAL_Driver/Src/stm32f1xx_hal_dma.c.obj
                0x08000a3c                HAL_DMA_Abort_IT
 .text.HAL_DMA_IRQHandler
                0x08000ad4      0x144 CMakeFiles/ra-02_ACTOR.elf.dir/Drivers/STM32F1xx_HAL_Driver/Src/stm32f1xx_hal_dma.c.obj
                0x08000ad4                HAL_DMA_IRQHandler
 .text.HAL_GPIO_Init
                0x08000c18      0x21c CMakeFiles/ra-02_ACTOR.elf.dir/Drivers/STM32F1xx_HAL_Driver/Src/stm32f1xx_hal_gpio.c.obj
                0x08000c18                HAL_GPIO_Init
 .text.HAL_GPIO_WritePin
                0x08000e34        0xc CMakeFiles/ra-02_ACTOR.elf.dir/Drivers/STM32F1xx_HAL_Driver/Src/stm32f1xx_hal_gpio.c.obj
                0x08000e34                HAL_GPIO_WritePin
 .text.HAL_GPIO_EXTI_Callback
                0x08000e40        0x2 CMakeFiles/ra-02_ACTOR.elf.dir/Drivers/STM32F1xx_HAL_Driver/Src/stm32f1xx_hal_gpio.c.obj
                0x08000e40                HAL_GPIO_EXTI_Callback
 *fill*         0x08000e42        0x2 
 .text.HAL_GPIO_EXTI_IRQHandler
                0x08000e44       0x1c CMakeFiles/ra-02_ACTOR.elf.dir/Drivers/STM32F1xx_HAL_Driver/Src/stm32f1xx_hal_gpio.c.obj
                0x08000e44                HAL_GPIO_EXTI_IRQHandler
 .text.RCC_Delay
                0x08000e60       0x2c CMakeFiles/ra-02_ACTOR.elf.dir/Drivers/STM32F1xx_HAL_Driver/Src/stm32f1xx_hal_rcc.c.obj
 .text.HAL_RCC_OscConfig
                0x08000e8c      0x410 CMakeFiles/ra-02_ACTOR.elf.dir/Drivers/STM32F1xx_HAL_Driver/Src/stm32f1xx_hal_rcc.c.obj
                0x08000e8c                HAL_RCC_OscConfig
 .text.HAL_RCC_GetSysClockFreq
                0x0800129c       0x54 CMakeFiles/ra-02_ACTOR.elf.dir/Drivers/STM32F1xx_HAL_Driver/Src/stm32f1xx_hal_rcc.c.obj
                0x0800129c                HAL_RCC_GetSysClockFreq
 .text.HAL_RCC_ClockConfig
                0x080012f0      0x16c CMakeFiles/ra-02_ACTOR.elf.dir/Drivers/STM32F1xx_HAL_Driver/Src/stm32f1xx_hal_rcc.c.obj
                0x080012f0                HAL_RCC_ClockConfig
 .text.HAL_RCC_GetHCLKFreq
                0x0800145c        0xc CMakeFiles/ra-02_ACTOR.elf.dir/Drivers/STM32F1xx_HAL_Driver/Src/stm32f1xx_hal_rcc.c.obj
                0x0800145c                HAL_RCC_GetHCLKFreq
 .text.HAL_RCC_GetPCLK1Freq
                0x08001468       0x20 CMakeFiles/ra-02_ACTOR.elf.dir/Drivers/STM32F1xx_HAL_Driver/Src/stm32f1xx_hal_rcc.c.obj
                0x08001468                HAL_RCC_GetPCLK1Freq
 .text.HAL_RCC_GetPCLK2Freq
                0x08001488       0x20 CMakeFiles/ra-02_ACTOR.elf.dir/Drivers/STM32F1xx_HAL_Driver/Src/stm32f1xx_hal_rcc.c.obj
                0x08001488                HAL_RCC_GetPCLK2Freq
 .text.HAL_RCC_GetClockConfig
                0x080014a8       0x3c CMakeFiles/ra-02_ACTOR.elf.dir/Drivers/STM32F1xx_HAL_Driver/Src/stm32f1xx_hal_rcc.c.obj
                0x080014a8                HAL_RCC_GetClockConfig
 .text.HAL_SPI_Init
                0x080014e4       0xb6 CMakeFiles/ra-02_ACTOR.elf.dir/Drivers/STM32F1xx_HAL_Driver/Src/stm32f1xx_hal_spi.c.obj
                0x080014e4                HAL_SPI_Init
 .text.HAL_TIM_Base_MspInit
                0x0800159a        0x2 CMakeFiles/ra-02_ACTOR.elf.dir/Drivers/STM32F1xx_HAL_Driver/Src/stm32f1xx_hal_tim.c.obj
                0x0800159a                HAL_TIM_Base_MspInit
 .text.HAL_TIM_Base_Start_IT
                0x0800159c       0x68 CMakeFiles/ra-02_ACTOR.elf.dir/Drivers/STM32F1xx_HAL_Driver/Src/stm32f1xx_hal_tim.c.obj
                0x0800159c                HAL_TIM_Base_Start_IT
 .text.HAL_TIM_OC_DelayElapsedCallback
                0x08001604        0x2 CMakeFiles/ra-02_ACTOR.elf.dir/Drivers/STM32F1xx_HAL_Driver/Src/stm32f1xx_hal_tim.c.obj
                0x08001604                HAL_TIM_OC_DelayElapsedCallback
 .text.HAL_TIM_IC_CaptureCallback
                0x08001606        0x2 CMakeFiles/ra-02_ACTOR.elf.dir/Drivers/STM32F1xx_HAL_Driver/Src/stm32f1xx_hal_tim.c.obj
                0x08001606                HAL_TIM_IC_CaptureCallback
 .text.HAL_TIM_PWM_PulseFinishedCallback
                0x08001608        0x2 CMakeFiles/ra-02_ACTOR.elf.dir/Drivers/STM32F1xx_HAL_Driver/Src/stm32f1xx_hal_tim.c.obj
                0x08001608                HAL_TIM_PWM_PulseFinishedCallback
 .text.HAL_TIM_TriggerCallback
                0x0800160a        0x2 CMakeFiles/ra-02_ACTOR.elf.dir/Drivers/STM32F1xx_HAL_Driver/Src/stm32f1xx_hal_tim.c.obj
                0x0800160a                HAL_TIM_TriggerCallback
 .text.HAL_TIM_IRQHandler
                0x0800160c      0x15e CMakeFiles/ra-02_ACTOR.elf.dir/Drivers/STM32F1xx_HAL_Driver/Src/stm32f1xx_hal_tim.c.obj
                0x0800160c                HAL_TIM_IRQHandler
 *fill*         0x0800176a        0x2 
 .text.TIM_Base_SetConfig
                0x0800176c       0x84 CMakeFiles/ra-02_ACTOR.elf.dir/Drivers/STM32F1xx_HAL_Driver/Src/stm32f1xx_hal_tim.c.obj
                0x0800176c                TIM_Base_SetConfig
 .text.HAL_TIM_Base_Init
                0x080017f0       0x58 CMakeFiles/ra-02_ACTOR.elf.dir/Drivers/STM32F1xx_HAL_Driver/Src/stm32f1xx_hal_tim.c.obj
                0x080017f0                HAL_TIM_Base_Init
 .text.HAL_TIMEx_CommutCallback
                0x08001848        0x2 CMakeFiles/ra-02_ACTOR.elf.dir/Drivers/STM32F1xx_HAL_Driver/Src/stm32f1xx_hal_tim_ex.c.obj
                0x08001848                HAL_TIMEx_CommutCallback
 .text.HAL_TIMEx_BreakCallback
                0x0800184a        0x2 CMakeFiles/ra-02_ACTOR.elf.dir/Drivers/STM32F1xx_HAL_Driver/Src/stm32f1xx_hal_tim_ex.c.obj
                0x0800184a                HAL_TIMEx_BreakCallback
 .text.UART_EndRxTransfer
                0x0800184c       0x5c CMakeFiles/ra-02_ACTOR.elf.dir/Drivers/STM32F1xx_HAL_Driver/Src/stm32f1xx_hal_uart.c.obj
 .text.UART_Transmit_IT
                0x080018a8       0x60 CMakeFiles/ra-02_ACTOR.elf.dir/Drivers/STM32F1xx_HAL_Driver/Src/stm32f1xx_hal_uart.c.obj
 .text.UART_SetConfig
                0x08001908       0x94 CMakeFiles/ra-02_ACTOR.elf.dir/Drivers/STM32F1xx_HAL_Driver/Src/stm32f1xx_hal_uart.c.obj
 .text.HAL_UART_Init
                0x0800199c       0x60 CMakeFiles/ra-02_ACTOR.elf.dir/Drivers/STM32F1xx_HAL_Driver/Src/stm32f1xx_hal_uart.c.obj
                0x0800199c                HAL_UART_Init
 .text.HAL_UART_TxCpltCallback
                0x080019fc        0x2 CMakeFiles/ra-02_ACTOR.elf.dir/Drivers/STM32F1xx_HAL_Driver/Src/stm32f1xx_hal_uart.c.obj
                0x080019fc                HAL_UART_TxCpltCallback
 .text.UART_EndTransmit_IT
                0x080019fe       0x1a CMakeFiles/ra-02_ACTOR.elf.dir/Drivers/STM32F1xx_HAL_Driver/Src/stm32f1xx_hal_uart.c.obj
 .text.HAL_UART_RxCpltCallback
                0x08001a18        0x2 CMakeFiles/ra-02_ACTOR.elf.dir/Drivers/STM32F1xx_HAL_Driver/Src/stm32f1xx_hal_uart.c.obj
                0x08001a18                HAL_UART_RxCpltCallback
 .text.HAL_UART_ErrorCallback
                0x08001a1a        0x2 CMakeFiles/ra-02_ACTOR.elf.dir/Drivers/STM32F1xx_HAL_Driver/Src/stm32f1xx_hal_uart.c.obj
                0x08001a1a                HAL_UART_ErrorCallback
 .text.UART_DMAAbortOnError
                0x08001a1c       0x10 CMakeFiles/ra-02_ACTOR.elf.dir/Drivers/STM32F1xx_HAL_Driver/Src/stm32f1xx_hal_uart.c.obj
 .text.HAL_UARTEx_RxEventCallback
                0x08001a2c        0x2 CMakeFiles/ra-02_ACTOR.elf.dir/Drivers/STM32F1xx_HAL_Driver/Src/stm32f1xx_hal_uart.c.obj
                0x08001a2c                HAL_UARTEx_RxEventCallback
 .text.UART_Receive_IT
                0x08001a2e       0xe6 CMakeFiles/ra-02_ACTOR.elf.dir/Drivers/STM32F1xx_HAL_Driver/Src/stm32f1xx_hal_uart.c.obj
 .text.HAL_UART_IRQHandler
                0x08001b14      0x284 CMakeFiles/ra-02_ACTOR.elf.dir/Drivers/STM32F1xx_HAL_Driver/Src/stm32f1xx_hal_uart.c.obj
                0x08001b14                HAL_UART_IRQHandler
 .text.SysTick_Handler
                0x08001d98       0x18 CMakeFiles/ra-02_ACTOR.elf.dir/Middlewares/Third_Party/FreeRTOS/Source/CMSIS_RTOS_V2/cmsis_os2.c.obj
                0x08001d98                SysTick_Handler
 .text.osKernelInitialize
                0x08001db0       0x24 CMakeFiles/ra-02_ACTOR.elf.dir/Middlewares/Third_Party/FreeRTOS/Source/CMSIS_RTOS_V2/cmsis_os2.c.obj
                0x08001db0                osKernelInitialize
 .text.osKernelStart
                0x08001dd4       0x38 CMakeFiles/ra-02_ACTOR.elf.dir/Middlewares/Third_Party/FreeRTOS/Source/CMSIS_RTOS_V2/cmsis_os2.c.obj
                0x08001dd4                osKernelStart
 .text.osThreadNew
                0x08001e0c       0xb6 CMakeFiles/ra-02_ACTOR.elf.dir/Middlewares/Third_Party/FreeRTOS/Source/CMSIS_RTOS_V2/cmsis_os2.c.obj
                0x08001e0c                osThreadNew
 .text.osDelay  0x08001ec2       0x1c CMakeFiles/ra-02_ACTOR.elf.dir/Middlewares/Third_Party/FreeRTOS/Source/CMSIS_RTOS_V2/cmsis_os2.c.obj
                0x08001ec2                osDelay
 *fill*         0x08001ede        0x2 
 .text.vApplicationGetIdleTaskMemory
                0x08001ee0       0x18 CMakeFiles/ra-02_ACTOR.elf.dir/Middlewares/Third_Party/FreeRTOS/Source/CMSIS_RTOS_V2/cmsis_os2.c.obj
                0x08001ee0                vApplicationGetIdleTaskMemory
 .text.vApplicationGetTimerTaskMemory
                0x08001ef8       0x18 CMakeFiles/ra-02_ACTOR.elf.dir/Middlewares/Third_Party/FreeRTOS/Source/CMSIS_RTOS_V2/cmsis_os2.c.obj
                0x08001ef8                vApplicationGetTimerTaskMemory
 .text.vListInitialise
                0x08001f10       0x16 CMakeFiles/ra-02_ACTOR.elf.dir/Middlewares/Third_Party/FreeRTOS/Source/list.c.obj
                0x08001f10                vListInitialise
 .text.vListInitialiseItem
                0x08001f26        0x6 CMakeFiles/ra-02_ACTOR.elf.dir/Middlewares/Third_Party/FreeRTOS/Source/list.c.obj
                0x08001f26                vListInitialiseItem
 .text.vListInsertEnd
                0x08001f2c       0x16 CMakeFiles/ra-02_ACTOR.elf.dir/Middlewares/Third_Party/FreeRTOS/Source/list.c.obj
                0x08001f2c                vListInsertEnd
 .text.vListInsert
                0x08001f42       0x32 CMakeFiles/ra-02_ACTOR.elf.dir/Middlewares/Third_Party/FreeRTOS/Source/list.c.obj
                0x08001f42                vListInsert
 .text.uxListRemove
                0x08001f74       0x26 CMakeFiles/ra-02_ACTOR.elf.dir/Middlewares/Third_Party/FreeRTOS/Source/list.c.obj
                0x08001f74                uxListRemove
 *fill*         0x08001f9a        0x2 
 .text.prvTaskExitError
                0x08001f9c       0x40 CMakeFiles/ra-02_ACTOR.elf.dir/Middlewares/Third_Party/FreeRTOS/Source/portable/GCC/ARM_CM3/port.c.obj
 .text.prvPortStartFirstTask
                0x08001fdc       0x20 CMakeFiles/ra-02_ACTOR.elf.dir/Middlewares/Third_Party/FreeRTOS/Source/portable/GCC/ARM_CM3/port.c.obj
 .text.pxPortInitialiseStack
                0x08001ffc       0x24 CMakeFiles/ra-02_ACTOR.elf.dir/Middlewares/Third_Party/FreeRTOS/Source/portable/GCC/ARM_CM3/port.c.obj
                0x08001ffc                pxPortInitialiseStack
 .text.SVC_Handler
                0x08002020       0x24 CMakeFiles/ra-02_ACTOR.elf.dir/Middlewares/Third_Party/FreeRTOS/Source/portable/GCC/ARM_CM3/port.c.obj
                0x08002020                SVC_Handler
 .text.vPortEnterCritical
                0x08002044       0x44 CMakeFiles/ra-02_ACTOR.elf.dir/Middlewares/Third_Party/FreeRTOS/Source/portable/GCC/ARM_CM3/port.c.obj
                0x08002044                vPortEnterCritical
 .text.vPortExitCritical
                0x08002088       0x2c CMakeFiles/ra-02_ACTOR.elf.dir/Middlewares/Third_Party/FreeRTOS/Source/portable/GCC/ARM_CM3/port.c.obj
                0x08002088                vPortExitCritical
 *fill*         0x080020b4        0xc 
 .text.PendSV_Handler
                0x080020c0       0x44 CMakeFiles/ra-02_ACTOR.elf.dir/Middlewares/Third_Party/FreeRTOS/Source/portable/GCC/ARM_CM3/port.c.obj
                0x080020c0                PendSV_Handler
 .text.xPortSysTickHandler
                0x08002104       0x2c CMakeFiles/ra-02_ACTOR.elf.dir/Middlewares/Third_Party/FreeRTOS/Source/portable/GCC/ARM_CM3/port.c.obj
                0x08002104                xPortSysTickHandler
 .text.vPortSetupTimerInterrupt
                0x08002130       0x28 CMakeFiles/ra-02_ACTOR.elf.dir/Middlewares/Third_Party/FreeRTOS/Source/portable/GCC/ARM_CM3/port.c.obj
                0x08002130                vPortSetupTimerInterrupt
 .text.xPortStartScheduler
                0x08002158       0xc0 CMakeFiles/ra-02_ACTOR.elf.dir/Middlewares/Third_Party/FreeRTOS/Source/portable/GCC/ARM_CM3/port.c.obj
                0x08002158                xPortStartScheduler
 .text.vPortValidateInterruptPriority
                0x08002218       0x5c CMakeFiles/ra-02_ACTOR.elf.dir/Middlewares/Third_Party/FreeRTOS/Source/portable/GCC/ARM_CM3/port.c.obj
                0x08002218                vPortValidateInterruptPriority
 .text.prvHeapInit
                0x08002274       0x64 CMakeFiles/ra-02_ACTOR.elf.dir/Middlewares/Third_Party/FreeRTOS/Source/portable/MemMang/heap_4.c.obj
 .text.prvInsertBlockIntoFreeList
                0x080022d8       0x60 CMakeFiles/ra-02_ACTOR.elf.dir/Middlewares/Third_Party/FreeRTOS/Source/portable/MemMang/heap_4.c.obj
 .text.pvPortMalloc
                0x08002338      0x104 CMakeFiles/ra-02_ACTOR.elf.dir/Middlewares/Third_Party/FreeRTOS/Source/portable/MemMang/heap_4.c.obj
                0x08002338                pvPortMalloc
 .text.vPortFree
                0x0800243c       0x7c CMakeFiles/ra-02_ACTOR.elf.dir/Middlewares/Third_Party/FreeRTOS/Source/portable/MemMang/heap_4.c.obj
                0x0800243c                vPortFree
 .text.prvIsQueueFull
                0x080024b8       0x1e CMakeFiles/ra-02_ACTOR.elf.dir/Middlewares/Third_Party/FreeRTOS/Source/queue.c.obj
 .text.prvIsQueueEmpty
                0x080024d6       0x1a CMakeFiles/ra-02_ACTOR.elf.dir/Middlewares/Third_Party/FreeRTOS/Source/queue.c.obj
 .text.prvCopyDataToQueue
                0x080024f0       0x76 CMakeFiles/ra-02_ACTOR.elf.dir/Middlewares/Third_Party/FreeRTOS/Source/queue.c.obj
 .text.prvCopyDataFromQueue
                0x08002566       0x24 CMakeFiles/ra-02_ACTOR.elf.dir/Middlewares/Third_Party/FreeRTOS/Source/queue.c.obj
 .text.prvUnlockQueue
                0x0800258a       0x6e CMakeFiles/ra-02_ACTOR.elf.dir/Middlewares/Third_Party/FreeRTOS/Source/queue.c.obj
 .text.xQueueGenericReset
                0x080025f8       0x84 CMakeFiles/ra-02_ACTOR.elf.dir/Middlewares/Third_Party/FreeRTOS/Source/queue.c.obj
                0x080025f8                xQueueGenericReset
 .text.prvInitialiseNewQueue
                0x0800267c       0x22 CMakeFiles/ra-02_ACTOR.elf.dir/Middlewares/Third_Party/FreeRTOS/Source/queue.c.obj
 .text.xQueueGenericCreateStatic
                0x0800269e       0x94 CMakeFiles/ra-02_ACTOR.elf.dir/Middlewares/Third_Party/FreeRTOS/Source/queue.c.obj
                0x0800269e                xQueueGenericCreateStatic
 .text.xQueueGenericSend
                0x08002732      0x188 CMakeFiles/ra-02_ACTOR.elf.dir/Middlewares/Third_Party/FreeRTOS/Source/queue.c.obj
                0x08002732                xQueueGenericSend
 .text.xQueueGenericSendFromISR
                0x080028ba       0xce CMakeFiles/ra-02_ACTOR.elf.dir/Middlewares/Third_Party/FreeRTOS/Source/queue.c.obj
                0x080028ba                xQueueGenericSendFromISR
 .text.xQueueReceive
                0x08002988      0x15e CMakeFiles/ra-02_ACTOR.elf.dir/Middlewares/Third_Party/FreeRTOS/Source/queue.c.obj
                0x08002988                xQueueReceive
 *fill*         0x08002ae6        0x2 
 .text.vQueueAddToRegistry
                0x08002ae8       0x28 CMakeFiles/ra-02_ACTOR.elf.dir/Middlewares/Third_Party/FreeRTOS/Source/queue.c.obj
                0x08002ae8                vQueueAddToRegistry
 .text.vQueueWaitForMessageRestricted
                0x08002b10       0x52 CMakeFiles/ra-02_ACTOR.elf.dir/Middlewares/Third_Party/FreeRTOS/Source/queue.c.obj
                0x08002b10                vQueueWaitForMessageRestricted
 *fill*         0x08002b62        0x2 
 .text.prvResetNextTaskUnblockTime
                0x08002b64       0x2c CMakeFiles/ra-02_ACTOR.elf.dir/Middlewares/Third_Party/FreeRTOS/Source/tasks.c.obj
 .text.prvInitialiseNewTask
                0x08002b90      0x104 CMakeFiles/ra-02_ACTOR.elf.dir/Middlewares/Third_Party/FreeRTOS/Source/tasks.c.obj
 .text.prvInitialiseTaskLists
                0x08002c94       0x68 CMakeFiles/ra-02_ACTOR.elf.dir/Middlewares/Third_Party/FreeRTOS/Source/tasks.c.obj
 .text.prvAddNewTaskToReadyList
                0x08002cfc       0xac CMakeFiles/ra-02_ACTOR.elf.dir/Middlewares/Third_Party/FreeRTOS/Source/tasks.c.obj
 .text.prvDeleteTCB
                0x08002da8       0x40 CMakeFiles/ra-02_ACTOR.elf.dir/Middlewares/Third_Party/FreeRTOS/Source/tasks.c.obj
 .text.prvCheckTasksWaitingTermination
                0x08002de8       0x4c CMakeFiles/ra-02_ACTOR.elf.dir/Middlewares/Third_Party/FreeRTOS/Source/tasks.c.obj
 .text.prvIdleTask
                0x08002e34       0x28 CMakeFiles/ra-02_ACTOR.elf.dir/Middlewares/Third_Party/FreeRTOS/Source/tasks.c.obj
 .text.prvAddCurrentTaskToDelayedList
                0x08002e5c       0x7c CMakeFiles/ra-02_ACTOR.elf.dir/Middlewares/Third_Party/FreeRTOS/Source/tasks.c.obj
 .text.xTaskCreateStatic
                0x08002ed8       0x7a CMakeFiles/ra-02_ACTOR.elf.dir/Middlewares/Third_Party/FreeRTOS/Source/tasks.c.obj
                0x08002ed8                xTaskCreateStatic
 .text.xTaskCreate
                0x08002f52       0x66 CMakeFiles/ra-02_ACTOR.elf.dir/Middlewares/Third_Party/FreeRTOS/Source/tasks.c.obj
                0x08002f52                xTaskCreate
 .text.vTaskStartScheduler
                0x08002fb8       0xac CMakeFiles/ra-02_ACTOR.elf.dir/Middlewares/Third_Party/FreeRTOS/Source/tasks.c.obj
                0x08002fb8                vTaskStartScheduler
 .text.vTaskSuspendAll
                0x08003064       0x10 CMakeFiles/ra-02_ACTOR.elf.dir/Middlewares/Third_Party/FreeRTOS/Source/tasks.c.obj
                0x08003064                vTaskSuspendAll
 .text.xTaskGetTickCount
                0x08003074        0xc CMakeFiles/ra-02_ACTOR.elf.dir/Middlewares/Third_Party/FreeRTOS/Source/tasks.c.obj
                0x08003074                xTaskGetTickCount
 .text.xTaskIncrementTick
                0x08003080      0x118 CMakeFiles/ra-02_ACTOR.elf.dir/Middlewares/Third_Party/FreeRTOS/Source/tasks.c.obj
                0x08003080                xTaskIncrementTick
 .text.xTaskResumeAll
                0x08003198       0xf8 CMakeFiles/ra-02_ACTOR.elf.dir/Middlewares/Third_Party/FreeRTOS/Source/tasks.c.obj
                0x08003198                xTaskResumeAll
 .text.vTaskDelay
                0x08003290       0x4c CMakeFiles/ra-02_ACTOR.elf.dir/Middlewares/Third_Party/FreeRTOS/Source/tasks.c.obj
                0x08003290                vTaskDelay
 .text.vTaskSwitchContext
                0x080032dc       0xa4 CMakeFiles/ra-02_ACTOR.elf.dir/Middlewares/Third_Party/FreeRTOS/Source/tasks.c.obj
                0x080032dc                vTaskSwitchContext
 .text.vTaskPlaceOnEventList
                0x08003380       0x30 CMakeFiles/ra-02_ACTOR.elf.dir/Middlewares/Third_Party/FreeRTOS/Source/tasks.c.obj
                0x08003380                vTaskPlaceOnEventList
 .text.vTaskPlaceOnEventListRestricted
                0x080033b0       0x38 CMakeFiles/ra-02_ACTOR.elf.dir/Middlewares/Third_Party/FreeRTOS/Source/tasks.c.obj
                0x080033b0                vTaskPlaceOnEventListRestricted
 .text.xTaskRemoveFromEventList
                0x080033e8       0x8c CMakeFiles/ra-02_ACTOR.elf.dir/Middlewares/Third_Party/FreeRTOS/Source/tasks.c.obj
                0x080033e8                xTaskRemoveFromEventList
 .text.vTaskInternalSetTimeOutState
                0x08003474       0x18 CMakeFiles/ra-02_ACTOR.elf.dir/Middlewares/Third_Party/FreeRTOS/Source/tasks.c.obj
                0x08003474                vTaskInternalSetTimeOutState
 .text.xTaskCheckForTimeOut
                0x0800348c       0x84 CMakeFiles/ra-02_ACTOR.elf.dir/Middlewares/Third_Party/FreeRTOS/Source/tasks.c.obj
                0x0800348c                xTaskCheckForTimeOut
 .text.vTaskMissedYield
                0x08003510        0xc CMakeFiles/ra-02_ACTOR.elf.dir/Middlewares/Third_Party/FreeRTOS/Source/tasks.c.obj
                0x08003510                vTaskMissedYield
 .text.xTaskGetSchedulerState
                0x0800351c       0x20 CMakeFiles/ra-02_ACTOR.elf.dir/Middlewares/Third_Party/FreeRTOS/Source/tasks.c.obj
                0x0800351c                xTaskGetSchedulerState
 .text.xTaskPriorityDisinherit
                0x0800353c       0x90 CMakeFiles/ra-02_ACTOR.elf.dir/Middlewares/Third_Party/FreeRTOS/Source/tasks.c.obj
                0x0800353c                xTaskPriorityDisinherit
 .text.prvGetNextExpireTime
                0x080035cc       0x20 CMakeFiles/ra-02_ACTOR.elf.dir/Middlewares/Third_Party/FreeRTOS/Source/timers.c.obj
 .text.prvInsertTimerInActiveList
                0x080035ec       0x48 CMakeFiles/ra-02_ACTOR.elf.dir/Middlewares/Third_Party/FreeRTOS/Source/timers.c.obj
 .text.prvCheckForValidListAndQueue
                0x08003634       0x70 CMakeFiles/ra-02_ACTOR.elf.dir/Middlewares/Third_Party/FreeRTOS/Source/timers.c.obj
 .text.xTimerCreateTimerTask
                0x080036a4       0x64 CMakeFiles/ra-02_ACTOR.elf.dir/Middlewares/Third_Party/FreeRTOS/Source/timers.c.obj
                0x080036a4                xTimerCreateTimerTask
 .text.xTimerGenericCommand
                0x08003708       0x6c CMakeFiles/ra-02_ACTOR.elf.dir/Middlewares/Third_Party/FreeRTOS/Source/timers.c.obj
                0x08003708                xTimerGenericCommand
 .text.prvSwitchTimerLists
                0x08003774       0x7c CMakeFiles/ra-02_ACTOR.elf.dir/Middlewares/Third_Party/FreeRTOS/Source/timers.c.obj
 .text.prvSampleTimeNow
                0x080037f0       0x2c CMakeFiles/ra-02_ACTOR.elf.dir/Middlewares/Third_Party/FreeRTOS/Source/timers.c.obj
 .text.prvProcessExpiredTimer
                0x0800381c       0x6c CMakeFiles/ra-02_ACTOR.elf.dir/Middlewares/Third_Party/FreeRTOS/Source/timers.c.obj
 .text.prvProcessTimerOrBlockTask
                0x08003888       0x74 CMakeFiles/ra-02_ACTOR.elf.dir/Middlewares/Third_Party/FreeRTOS/Source/timers.c.obj
 .text.prvProcessReceivedCommands
                0x080038fc      0x10c CMakeFiles/ra-02_ACTOR.elf.dir/Middlewares/Third_Party/FreeRTOS/Source/timers.c.obj
 .text.prvTimerTask
                0x08003a08       0x16 CMakeFiles/ra-02_ACTOR.elf.dir/Middlewares/Third_Party/FreeRTOS/Source/timers.c.obj
 .text.memset   0x08003a1e       0x10 /home/royivri/st/stm32cubeclt_1.19.0/GNU-tools-for-STM32/bin/../lib/gcc/arm-none-eabi/13.3.1/../../../../arm-none-eabi/lib/thumb/v7-m/nofp/libg.a(libc_a-memset.o)
                0x08003a1e                memset
 *fill*         0x08003a2e        0x2 
 .text._reclaim_reent
                0x08003a30       0x68 /home/royivri/st/stm32cubeclt_1.19.0/GNU-tools-for-STM32/bin/../lib/gcc/arm-none-eabi/13.3.1/../../../../arm-none-eabi/lib/thumb/v7-m/nofp/libg.a(libc_a-reent.o)
                0x08003a30                _reclaim_reent
 .text.__errno  0x08003a98        0xc /home/royivri/st/stm32cubeclt_1.19.0/GNU-tools-for-STM32/bin/../lib/gcc/arm-none-eabi/13.3.1/../../../../arm-none-eabi/lib/thumb/v7-m/nofp/libg.a(libc_a-errno.o)
                0x08003a98                __errno
 .text.__libc_init_array
                0x08003aa4       0x48 /home/royivri/st/stm32cubeclt_1.19.0/GNU-tools-for-STM32/bin/../lib/gcc/arm-none-eabi/13.3.1/../../../../arm-none-eabi/lib/thumb/v7-m/nofp/libg.a(libc_a-init.o)
                0x08003aa4                __libc_init_array
 .text.__retarget_lock_acquire_recursive
                0x08003aec        0x2 /home/royivri/st/stm32cubeclt_1.19.0/GNU-tools-for-STM32/bin/../lib/gcc/arm-none-eabi/13.3.1/../../../../arm-none-eabi/lib/thumb/v7-m/nofp/libg.a(libc_a-lock.o)
                0x08003aec                __retarget_lock_acquire_recursive
 .text.__retarget_lock_release_recursive
                0x08003aee        0x2 /home/royivri/st/stm32cubeclt_1.19.0/GNU-tools-for-STM32/bin/../lib/gcc/arm-none-eabi/13.3.1/../../../../arm-none-eabi/lib/thumb/v7-m/nofp/libg.a(libc_a-lock.o)
                0x08003aee                __retarget_lock_release_recursive
 .text.memcpy   0x08003af0       0x1c /home/royivri/st/stm32cubeclt_1.19.0/GNU-tools-for-STM32/bin/../lib/gcc/arm-none-eabi/13.3.1/../../../../arm-none-eabi/lib/thumb/v7-m/nofp/libg.a(libc_a-memcpy-stub.o)
                0x08003af0                memcpy
 .text.startup.register_fini
                0x08003b0c       0x14 /home/royivri/st/stm32cubeclt_1.19.0/GNU-tools-for-STM32/bin/../lib/gcc/arm-none-eabi/13.3.1/../../../../arm-none-eabi/lib/thumb/v7-m/nofp/libg.a(libc_a-__call_atexit.o)
 .text.atexit   0x08003b20        0xc /home/royivri/st/stm32cubeclt_1.19.0/GNU-tools-for-STM32/bin/../lib/gcc/arm-none-eabi/13.3.1/../../../../arm-none-eabi/lib/thumb/v7-m/nofp/libg.a(libc_a-atexit.o)
                0x08003b20                atexit
 .text._malloc_trim_r
                0x08003b2c       0xac /home/royivri/st/stm32cubeclt_1.19.0/GNU-tools-for-STM32/bin/../lib/gcc/arm-none-eabi/13.3.1/../../../../arm-none-eabi/lib/thumb/v7-m/nofp/libg.a(libc_a-freer.o)
                0x08003b2c                _malloc_trim_r
 .text._free_r  0x08003bd8      0x180 /home/royivri/st/stm32cubeclt_1.19.0/GNU-tools-for-STM32/bin/../lib/gcc/arm-none-eabi/13.3.1/../../../../arm-none-eabi/lib/thumb/v7-m/nofp/libg.a(libc_a-freer.o)
                0x08003bd8                _free_r
 .text.__malloc_lock
                0x08003d58        0xc /home/royivri/st/stm32cubeclt_1.19.0/GNU-tools-for-STM32/bin/../lib/gcc/arm-none-eabi/13.3.1/../../../../arm-none-eabi/lib/thumb/v7-m/nofp/libg.a(libc_a-mlock.o)
                0x08003d58                __malloc_lock
 .text.__malloc_unlock
                0x08003d64        0xc /home/royivri/st/stm32cubeclt_1.19.0/GNU-tools-for-STM32/bin/../lib/gcc/arm-none-eabi/13.3.1/../../../../arm-none-eabi/lib/thumb/v7-m/nofp/libg.a(libc_a-mlock.o)
                0x08003d64                __malloc_unlock
 .text._sbrk_r  0x08003d70       0x20 /home/royivri/st/stm32cubeclt_1.19.0/GNU-tools-for-STM32/bin/../lib/gcc/arm-none-eabi/13.3.1/../../../../arm-none-eabi/lib/thumb/v7-m/nofp/libg.a(libc_a-sbrkr.o)
                0x08003d70                _sbrk_r
 .text.__libc_fini_array
                0x08003d90       0x28 /home/royivri/st/stm32cubeclt_1.19.0/GNU-tools-for-STM32/bin/../lib/gcc/arm-none-eabi/13.3.1/../../../../arm-none-eabi/lib/thumb/v7-m/nofp/libg.a(libc_a-fini.o)
                0x08003d90                __libc_fini_array
 .text.sysconf  0x08003db8       0x18 /home/royivri/st/stm32cubeclt_1.19.0/GNU-tools-for-STM32/bin/../lib/gcc/arm-none-eabi/13.3.1/../../../../arm-none-eabi/lib/thumb/v7-m/nofp/libg.a(libc_a-sysconf.o)
                0x08003db8                sysconf
 .text.__register_exitproc
                0x08003dd0       0x80 /home/royivri/st/stm32cubeclt_1.19.0/GNU-tools-for-STM32/bin/../lib/gcc/arm-none-eabi/13.3.1/../../../../arm-none-eabi/lib/thumb/v7-m/nofp/libg.a(libc_a-__atexit.o)
                0x08003dd0                __register_exitproc
 *(.glue_7)
 .glue_7        0x08003e50        0x0 linker stubs
 *(.glue_7t)
 .glue_7t       0x08003e50        0x0 linker stubs
 *(.eh_frame)
 .eh_frame      0x08003e50        0x0 /home/royivri/st/stm32cubeclt_1.19.0/GNU-tools-for-STM32/bin/../lib/gcc/arm-none-eabi/13.3.1/thumb/v7-m/nofp/crtbegin.o
 *(.init)
 .init          0x08003e50        0x4 /home/royivri/st/stm32cubeclt_1.19.0/GNU-tools-for-STM32/bin/../lib/gcc/arm-none-eabi/13.3.1/thumb/v7-m/nofp/crti.o
                0x08003e50                _init
 .init          0x08003e54        0x8 /home/royivri/st/stm32cubeclt_1.19.0/GNU-tools-for-STM32/bin/../lib/gcc/arm-none-eabi/13.3.1/thumb/v7-m/nofp/crtn.o
 *(.fini)
 .fini          0x08003e5c        0x4 /home/royivri/st/stm32cubeclt_1.19.0/GNU-tools-for-STM32/bin/../lib/gcc/arm-none-eabi/13.3.1/thumb/v7-m/nofp/crti.o
                0x08003e5c                _fini
 .fini          0x08003e60        0x8 /home/royivri/st/stm32cubeclt_1.19.0/GNU-tools-for-STM32/bin/../lib/gcc/arm-none-eabi/13.3.1/thumb/v7-m/nofp/crtn.o
                0x08003e68                        . = ALIGN (0x4)
                0x08003e68                        _etext = .

.vfp11_veneer   0x08003e68        0x0
 .vfp11_veneer  0x08003e68        0x0 linker stubs

.v4_bx          0x08003e68        0x0
 .v4_bx         0x08003e68        0x0 linker stubs

.iplt           0x08003e68        0x0
 .iplt          0x08003e68        0x0 /home/royivri/st/stm32cubeclt_1.19.0/GNU-tools-for-STM32/bin/../lib/gcc/arm-none-eabi/13.3.1/thumb/v7-m/nofp/crtbegin.o

.rodata         0x08003e68       0x74
                0x08003e68                        . = ALIGN (0x4)
 *(.rodata)
 *(.rodata*)
 .rodata.str1.4
                0x08003e68       0x24 CMakeFiles/ra-02_ACTOR.elf.dir/Core/Src/freertos.c.obj
                                  0xc (size before relaxing)
 .rodata.defaultTask_attributes
                0x08003e8c       0x24 CMakeFiles/ra-02_ACTOR.elf.dir/Core/Src/freertos.c.obj
                0x08003e8c                defaultTask_attributes
 .rodata.APBPrescTable
                0x08003eb0        0x8 CMakeFiles/ra-02_ACTOR.elf.dir/Core/Src/system_stm32f1xx.c.obj
                0x08003eb0                APBPrescTable
 .rodata.AHBPrescTable
                0x08003eb8       0x10 CMakeFiles/ra-02_ACTOR.elf.dir/Core/Src/system_stm32f1xx.c.obj
                0x08003eb8                AHBPrescTable
 .rodata.aPredivFactorTable.0
                0x08003ec8        0x2 CMakeFiles/ra-02_ACTOR.elf.dir/Drivers/STM32F1xx_HAL_Driver/Src/stm32f1xx_hal_rcc.c.obj
 *fill*         0x08003eca        0x2 
 .rodata.aPLLMULFactorTable.1
                0x08003ecc       0x10 CMakeFiles/ra-02_ACTOR.elf.dir/Drivers/STM32F1xx_HAL_Driver/Src/stm32f1xx_hal_rcc.c.obj
 .rodata.vTaskStartScheduler.str1.4
                0x08003edc        0x5 CMakeFiles/ra-02_ACTOR.elf.dir/Middlewares/Third_Party/FreeRTOS/Source/tasks.c.obj
 .rodata.prvCheckForValidListAndQueue.str1.4
                0x08003edc        0x5 CMakeFiles/ra-02_ACTOR.elf.dir/Middlewares/Third_Party/FreeRTOS/Source/timers.c.obj
 .rodata.xTimerCreateTimerTask.str1.4
                0x08003edc        0x8 CMakeFiles/ra-02_ACTOR.elf.dir/Middlewares/Third_Party/FreeRTOS/Source/timers.c.obj
                0x08003ee4                        . = ALIGN (0x4)

.ARM.extab      0x08003edc        0x0
                0x08003edc                        . = ALIGN (0x4)
 *(.ARM.extab* .gnu.linkonce.armextab.*)
                0x08003edc                        . = ALIGN (0x4)

.ARM            0x08003edc        0x0
                0x08003edc                        . = ALIGN (0x4)
                0x08003edc                        __exidx_start = .
 *(.ARM.exidx*)
                0x08003edc                        __exidx_end = .
                0x08003edc                        . = ALIGN (0x4)

.preinit_array  0x08003edc        0x0
                0x08003edc                        . = ALIGN (0x4)
                0x08003edc                        PROVIDE (__preinit_array_start = .)
 *(.preinit_array*)
                0x08003edc                        PROVIDE (__preinit_array_end = .)
                0x08003edc                        . = ALIGN (0x4)

.init_array     0x08003edc        0x8
                0x08003edc                        . = ALIGN (0x4)
                0x08003edc                        PROVIDE (__init_array_start = .)
 *(SORT_BY_NAME(.init_array.*))
 .init_array.00000
                0x08003edc        0x4 /home/royivri/st/stm32cubeclt_1.19.0/GNU-tools-for-STM32/bin/../lib/gcc/arm-none-eabi/13.3.1/../../../../arm-none-eabi/lib/thumb/v7-m/nofp/libg.a(libc_a-__call_atexit.o)
 *(.init_array*)
 .init_array    0x08003ee0        0x4 /home/royivri/st/stm32cubeclt_1.19.0/GNU-tools-for-STM32/bin/../lib/gcc/arm-none-eabi/13.3.1/thumb/v7-m/nofp/crtbegin.o
                0x08003ee4                        PROVIDE (__init_array_end = .)
                0x08003ee4                        . = ALIGN (0x4)

.fini_array     0x08003ee4        0x4
                0x08003ee4                        . = ALIGN (0x4)
                0x08003ee4                        PROVIDE (__fini_array_start = .)
 *(SORT_BY_NAME(.fini_array.*))
 *(.fini_array*)
 .fini_array    0x08003ee4        0x4 /home/royivri/st/stm32cubeclt_1.19.0/GNU-tools-for-STM32/bin/../lib/gcc/arm-none-eabi/13.3.1/thumb/v7-m/nofp/crtbegin.o
                0x08003ee8                        PROVIDE (__fini_array_end = .)
                0x08003ee8                        . = ALIGN (0x4)
                0x08003ee8                        _sidata = LOADADDR (.data)

.rel.dyn        0x08003ee8        0x0
 .rel.iplt      0x08003ee8        0x0 /home/royivri/st/stm32cubeclt_1.19.0/GNU-tools-for-STM32/bin/../lib/gcc/arm-none-eabi/13.3.1/thumb/v7-m/nofp/crtbegin.o

.data           0x20000000      0x56c load address 0x08003ee8
                0x20000000                        . = ALIGN (0x4)
                0x20000000                        _sdata = .
 *(.data)
 *(.data*)
 .data.SystemCoreClock
                0x20000000        0x4 CMakeFiles/ra-02_ACTOR.elf.dir/Core/Src/system_stm32f1xx.c.obj
                0x20000000                SystemCoreClock
 .data.uwTickFreq
                0x20000004        0x1 CMakeFiles/ra-02_ACTOR.elf.dir/Drivers/STM32F1xx_HAL_Driver/Src/stm32f1xx_hal.c.obj
                0x20000004                uwTickFreq
 *fill*         0x20000005        0x3 
 .data.uwTickPrio
                0x20000008        0x4 CMakeFiles/ra-02_ACTOR.elf.dir/Drivers/STM32F1xx_HAL_Driver/Src/stm32f1xx_hal.c.obj
                0x20000008                uwTickPrio
 .data.uxCriticalNesting
                0x2000000c        0x4 CMakeFiles/ra-02_ACTOR.elf.dir/Middlewares/Third_Party/FreeRTOS/Source/portable/GCC/ARM_CM3/port.c.obj
 .data._impure_ptr
                0x20000010        0x4 /home/royivri/st/stm32cubeclt_1.19.0/GNU-tools-for-STM32/bin/../lib/gcc/arm-none-eabi/13.3.1/../../../../arm-none-eabi/lib/thumb/v7-m/nofp/libg.a(libc_a-impure.o)
                0x20000010                _impure_ptr
 *fill*         0x20000014        0x4 
 .data._impure_data
                0x20000018      0x140 /home/royivri/st/stm32cubeclt_1.19.0/GNU-tools-for-STM32/bin/../lib/gcc/arm-none-eabi/13.3.1/../../../../arm-none-eabi/lib/thumb/v7-m/nofp/libg.a(libc_a-impure.o)
                0x20000018                _impure_data
 .data.__atexit_recursive_mutex
                0x20000158        0x4 /home/royivri/st/stm32cubeclt_1.19.0/GNU-tools-for-STM32/bin/../lib/gcc/arm-none-eabi/13.3.1/../../../../arm-none-eabi/lib/thumb/v7-m/nofp/libg.a(libc_a-__call_atexit.o)
                0x20000158                __atexit_recursive_mutex
 .data.__malloc_sbrk_base
                0x2000015c        0x4 /home/royivri/st/stm32cubeclt_1.19.0/GNU-tools-for-STM32/bin/../lib/gcc/arm-none-eabi/13.3.1/../../../../arm-none-eabi/lib/thumb/v7-m/nofp/libg.a(libc_a-mallocr.o)
                0x2000015c                __malloc_sbrk_base
 .data.__malloc_trim_threshold
                0x20000160        0x4 /home/royivri/st/stm32cubeclt_1.19.0/GNU-tools-for-STM32/bin/../lib/gcc/arm-none-eabi/13.3.1/../../../../arm-none-eabi/lib/thumb/v7-m/nofp/libg.a(libc_a-mallocr.o)
                0x20000160                __malloc_trim_threshold
 .data.__malloc_av_
                0x20000164      0x408 /home/royivri/st/stm32cubeclt_1.19.0/GNU-tools-for-STM32/bin/../lib/gcc/arm-none-eabi/13.3.1/../../../../arm-none-eabi/lib/thumb/v7-m/nofp/libg.a(libc_a-mallocr.o)
                0x20000164                __malloc_av_
 *(.RamFunc)
 *(.RamFunc*)
                0x2000056c                        . = ALIGN (0x4)
                0x2000056c                        _edata = .

.igot.plt       0x2000056c        0x0 load address 0x08004454
 .igot.plt      0x2000056c        0x0 /home/royivri/st/stm32cubeclt_1.19.0/GNU-tools-for-STM32/bin/../lib/gcc/arm-none-eabi/13.3.1/thumb/v7-m/nofp/crtbegin.o
                0x2000056c                        . = ALIGN (0x4)

.bss            0x20000570     0x1900 load address 0x08004454
                0x20000570                        _sbss = .
                0x20000570                        __bss_start__ = _sbss
 *(.bss)
 .bss           0x20000570       0x1c /home/royivri/st/stm32cubeclt_1.19.0/GNU-tools-for-STM32/bin/../lib/gcc/arm-none-eabi/13.3.1/thumb/v7-m/nofp/crtbegin.o
 *(.bss*)
 .bss.defaultTaskHandle
                0x2000058c        0x4 CMakeFiles/ra-02_ACTOR.elf.dir/Core/Src/freertos.c.obj
                0x2000058c                defaultTaskHandle
 .bss.hspi2     0x20000590       0x58 CMakeFiles/ra-02_ACTOR.elf.dir/Core/Src/spi.c.obj
                0x20000590                hspi2
 .bss.htim3     0x200005e8       0x48 CMakeFiles/ra-02_ACTOR.elf.dir/Core/Src/stm32f1xx_hal_timebase_tim.c.obj
                0x200005e8                htim3
 .bss.__sbrk_heap_end
                0x20000630        0x4 CMakeFiles/ra-02_ACTOR.elf.dir/Core/Src/sysmem.c.obj
 .bss.hdma_usart3_rx
                0x20000634       0x44 CMakeFiles/ra-02_ACTOR.elf.dir/Core/Src/usart.c.obj
                0x20000634                hdma_usart3_rx
 .bss.hdma_usart3_tx
                0x20000678       0x44 CMakeFiles/ra-02_ACTOR.elf.dir/Core/Src/usart.c.obj
                0x20000678                hdma_usart3_tx
 .bss.hdma_usart2_tx
                0x200006bc       0x44 CMakeFiles/ra-02_ACTOR.elf.dir/Core/Src/usart.c.obj
                0x200006bc                hdma_usart2_tx
 .bss.huart3    0x20000700       0x48 CMakeFiles/ra-02_ACTOR.elf.dir/Core/Src/usart.c.obj
                0x20000700                huart3
 .bss.huart2    0x20000748       0x48 CMakeFiles/ra-02_ACTOR.elf.dir/Core/Src/usart.c.obj
                0x20000748                huart2
 .bss.uwTick    0x20000790        0x4 CMakeFiles/ra-02_ACTOR.elf.dir/Drivers/STM32F1xx_HAL_Driver/Src/stm32f1xx_hal.c.obj
                0x20000790                uwTick
 .bss.Timer_Stack.0
                0x20000794      0x400 CMakeFiles/ra-02_ACTOR.elf.dir/Middlewares/Third_Party/FreeRTOS/Source/CMSIS_RTOS_V2/cmsis_os2.c.obj
 *fill*         0x20000b94        0x4 
 .bss.Timer_TCB.1
                0x20000b98      0x1a0 CMakeFiles/ra-02_ACTOR.elf.dir/Middlewares/Third_Party/FreeRTOS/Source/CMSIS_RTOS_V2/cmsis_os2.c.obj
 .bss.Idle_Stack.2
                0x20000d38      0x200 CMakeFiles/ra-02_ACTOR.elf.dir/Middlewares/Third_Party/FreeRTOS/Source/CMSIS_RTOS_V2/cmsis_os2.c.obj
 .bss.Idle_TCB.3
                0x20000f38      0x1a0 CMakeFiles/ra-02_ACTOR.elf.dir/Middlewares/Third_Party/FreeRTOS/Source/CMSIS_RTOS_V2/cmsis_os2.c.obj
 .bss.KernelState
                0x200010d8        0x4 CMakeFiles/ra-02_ACTOR.elf.dir/Middlewares/Third_Party/FreeRTOS/Source/CMSIS_RTOS_V2/cmsis_os2.c.obj
 .bss.ulMaxPRIGROUPValue
                0x200010dc        0x4 CMakeFiles/ra-02_ACTOR.elf.dir/Middlewares/Third_Party/FreeRTOS/Source/portable/GCC/ARM_CM3/port.c.obj
 .bss.ucMaxSysCallPriority
                0x200010e0        0x1 CMakeFiles/ra-02_ACTOR.elf.dir/Middlewares/Third_Party/FreeRTOS/Source/portable/GCC/ARM_CM3/port.c.obj
 *fill*         0x200010e1        0x3 
 .bss.xBlockAllocatedBit
                0x200010e4        0x4 CMakeFiles/ra-02_ACTOR.elf.dir/Middlewares/Third_Party/FreeRTOS/Source/portable/MemMang/heap_4.c.obj
 .bss.xNumberOfSuccessfulFrees
                0x200010e8        0x4 CMakeFiles/ra-02_ACTOR.elf.dir/Middlewares/Third_Party/FreeRTOS/Source/portable/MemMang/heap_4.c.obj
 .bss.xNumberOfSuccessfulAllocations
                0x200010ec        0x4 CMakeFiles/ra-02_ACTOR.elf.dir/Middlewares/Third_Party/FreeRTOS/Source/portable/MemMang/heap_4.c.obj
 .bss.xMinimumEverFreeBytesRemaining
                0x200010f0        0x4 CMakeFiles/ra-02_ACTOR.elf.dir/Middlewares/Third_Party/FreeRTOS/Source/portable/MemMang/heap_4.c.obj
 .bss.xFreeBytesRemaining
                0x200010f4        0x4 CMakeFiles/ra-02_ACTOR.elf.dir/Middlewares/Third_Party/FreeRTOS/Source/portable/MemMang/heap_4.c.obj
 .bss.pxEnd     0x200010f8        0x4 CMakeFiles/ra-02_ACTOR.elf.dir/Middlewares/Third_Party/FreeRTOS/Source/portable/MemMang/heap_4.c.obj
 .bss.xStart    0x200010fc        0x8 CMakeFiles/ra-02_ACTOR.elf.dir/Middlewares/Third_Party/FreeRTOS/Source/portable/MemMang/heap_4.c.obj
 .bss.ucHeap    0x20001104      0x400 CMakeFiles/ra-02_ACTOR.elf.dir/Middlewares/Third_Party/FreeRTOS/Source/portable/MemMang/heap_4.c.obj
 .bss.xQueueRegistry
                0x20001504       0x40 CMakeFiles/ra-02_ACTOR.elf.dir/Middlewares/Third_Party/FreeRTOS/Source/queue.c.obj
                0x20001504                xQueueRegistry
 .bss.uxSchedulerSuspended
                0x20001544        0x4 CMakeFiles/ra-02_ACTOR.elf.dir/Middlewares/Third_Party/FreeRTOS/Source/tasks.c.obj
 .bss.xIdleTaskHandle
                0x20001548        0x4 CMakeFiles/ra-02_ACTOR.elf.dir/Middlewares/Third_Party/FreeRTOS/Source/tasks.c.obj
 .bss.xNextTaskUnblockTime
                0x2000154c        0x4 CMakeFiles/ra-02_ACTOR.elf.dir/Middlewares/Third_Party/FreeRTOS/Source/tasks.c.obj
 .bss.uxTaskNumber
                0x20001550        0x4 CMakeFiles/ra-02_ACTOR.elf.dir/Middlewares/Third_Party/FreeRTOS/Source/tasks.c.obj
 .bss.xNumOfOverflows
                0x20001554        0x4 CMakeFiles/ra-02_ACTOR.elf.dir/Middlewares/Third_Party/FreeRTOS/Source/tasks.c.obj
 .bss.xYieldPending
                0x20001558        0x4 CMakeFiles/ra-02_ACTOR.elf.dir/Middlewares/Third_Party/FreeRTOS/Source/tasks.c.obj
 .bss.xPendedTicks
                0x2000155c        0x4 CMakeFiles/ra-02_ACTOR.elf.dir/Middlewares/Third_Party/FreeRTOS/Source/tasks.c.obj
 .bss.xSchedulerRunning
                0x20001560        0x4 CMakeFiles/ra-02_ACTOR.elf.dir/Middlewares/Third_Party/FreeRTOS/Source/tasks.c.obj
 .bss.uxTopReadyPriority
                0x20001564        0x4 CMakeFiles/ra-02_ACTOR.elf.dir/Middlewares/Third_Party/FreeRTOS/Source/tasks.c.obj
 .bss.xTickCount
                0x20001568        0x4 CMakeFiles/ra-02_ACTOR.elf.dir/Middlewares/Third_Party/FreeRTOS/Source/tasks.c.obj
 .bss.uxCurrentNumberOfTasks
                0x2000156c        0x4 CMakeFiles/ra-02_ACTOR.elf.dir/Middlewares/Third_Party/FreeRTOS/Source/tasks.c.obj
 .bss.xSuspendedTaskList
                0x20001570       0x14 CMakeFiles/ra-02_ACTOR.elf.dir/Middlewares/Third_Party/FreeRTOS/Source/tasks.c.obj
 .bss.uxDeletedTasksWaitingCleanUp
                0x20001584        0x4 CMakeFiles/ra-02_ACTOR.elf.dir/Middlewares/Third_Party/FreeRTOS/Source/tasks.c.obj
 .bss.xTasksWaitingTermination
                0x20001588       0x14 CMakeFiles/ra-02_ACTOR.elf.dir/Middlewares/Third_Party/FreeRTOS/Source/tasks.c.obj
 .bss.xPendingReadyList
                0x2000159c       0x14 CMakeFiles/ra-02_ACTOR.elf.dir/Middlewares/Third_Party/FreeRTOS/Source/tasks.c.obj
 .bss.pxOverflowDelayedTaskList
                0x200015b0        0x4 CMakeFiles/ra-02_ACTOR.elf.dir/Middlewares/Third_Party/FreeRTOS/Source/tasks.c.obj
 .bss.pxDelayedTaskList
                0x200015b4        0x4 CMakeFiles/ra-02_ACTOR.elf.dir/Middlewares/Third_Party/FreeRTOS/Source/tasks.c.obj
 .bss.xDelayedTaskList2
                0x200015b8       0x14 CMakeFiles/ra-02_ACTOR.elf.dir/Middlewares/Third_Party/FreeRTOS/Source/tasks.c.obj
 .bss.xDelayedTaskList1
                0x200015cc       0x14 CMakeFiles/ra-02_ACTOR.elf.dir/Middlewares/Third_Party/FreeRTOS/Source/tasks.c.obj
 .bss.pxReadyTasksLists
                0x200015e0      0x460 CMakeFiles/ra-02_ACTOR.elf.dir/Middlewares/Third_Party/FreeRTOS/Source/tasks.c.obj
 .bss.pxCurrentTCB
                0x20001a40        0x4 CMakeFiles/ra-02_ACTOR.elf.dir/Middlewares/Third_Party/FreeRTOS/Source/tasks.c.obj
                0x20001a40                pxCurrentTCB
 .bss.xStaticTimerQueue.0
                0x20001a44       0x50 CMakeFiles/ra-02_ACTOR.elf.dir/Middlewares/Third_Party/FreeRTOS/Source/timers.c.obj
 .bss.ucStaticTimerQueueStorage.1
                0x20001a94       0xa0 CMakeFiles/ra-02_ACTOR.elf.dir/Middlewares/Third_Party/FreeRTOS/Source/timers.c.obj
 .bss.xLastTime.2
                0x20001b34        0x4 CMakeFiles/ra-02_ACTOR.elf.dir/Middlewares/Third_Party/FreeRTOS/Source/timers.c.obj
 .bss.xTimerTaskHandle
                0x20001b38        0x4 CMakeFiles/ra-02_ACTOR.elf.dir/Middlewares/Third_Party/FreeRTOS/Source/timers.c.obj
 .bss.xTimerQueue
                0x20001b3c        0x4 CMakeFiles/ra-02_ACTOR.elf.dir/Middlewares/Third_Party/FreeRTOS/Source/timers.c.obj
 .bss.pxOverflowTimerList
                0x20001b40        0x4 CMakeFiles/ra-02_ACTOR.elf.dir/Middlewares/Third_Party/FreeRTOS/Source/timers.c.obj
 .bss.pxCurrentTimerList
                0x20001b44        0x4 CMakeFiles/ra-02_ACTOR.elf.dir/Middlewares/Third_Party/FreeRTOS/Source/timers.c.obj
 .bss.xActiveTimerList2
                0x20001b48       0x14 CMakeFiles/ra-02_ACTOR.elf.dir/Middlewares/Third_Party/FreeRTOS/Source/timers.c.obj
 .bss.xActiveTimerList1
                0x20001b5c       0x14 CMakeFiles/ra-02_ACTOR.elf.dir/Middlewares/Third_Party/FreeRTOS/Source/timers.c.obj
 .bss.__sf      0x20001b70      0x138 /home/royivri/st/stm32cubeclt_1.19.0/GNU-tools-for-STM32/bin/../lib/gcc/arm-none-eabi/13.3.1/../../../../arm-none-eabi/lib/thumb/v7-m/nofp/libg.a(libc_a-findfp.o)
                0x20001b70                __sf
 .bss.errno     0x20001ca8        0x4 /home/royivri/st/stm32cubeclt_1.19.0/GNU-tools-for-STM32/bin/../lib/gcc/arm-none-eabi/13.3.1/../../../../arm-none-eabi/lib/thumb/v7-m/nofp/libg.a(libc_a-reent.o)
                0x20001ca8                errno
 .bss.__lock___malloc_recursive_mutex
                0x20001cac        0x1 /home/royivri/st/stm32cubeclt_1.19.0/GNU-tools-for-STM32/bin/../lib/gcc/arm-none-eabi/13.3.1/../../../../arm-none-eabi/lib/thumb/v7-m/nofp/libg.a(libc_a-lock.o)
                0x20001cac                __lock___malloc_recursive_mutex
 .bss.__lock___atexit_recursive_mutex
                0x20001cad        0x1 /home/royivri/st/stm32cubeclt_1.19.0/GNU-tools-for-STM32/bin/../lib/gcc/arm-none-eabi/13.3.1/../../../../arm-none-eabi/lib/thumb/v7-m/nofp/libg.a(libc_a-lock.o)
                0x20001cad                __lock___atexit_recursive_mutex
 *fill*         0x20001cae        0x2 
 .bss.__atexit  0x20001cb0        0x4 /home/royivri/st/stm32cubeclt_1.19.0/GNU-tools-for-STM32/bin/../lib/gcc/arm-none-eabi/13.3.1/../../../../arm-none-eabi/lib/thumb/v7-m/nofp/libg.a(libc_a-__call_atexit.o)
                0x20001cb0                __atexit
 .bss.__malloc_current_mallinfo
                0x20001cb4       0x28 /home/royivri/st/stm32cubeclt_1.19.0/GNU-tools-for-STM32/bin/../lib/gcc/arm-none-eabi/13.3.1/../../../../arm-none-eabi/lib/thumb/v7-m/nofp/libg.a(libc_a-mallocr.o)
                0x20001cb4                __malloc_current_mallinfo
 .bss.__malloc_top_pad
                0x20001cdc        0x4 /home/royivri/st/stm32cubeclt_1.19.0/GNU-tools-for-STM32/bin/../lib/gcc/arm-none-eabi/13.3.1/../../../../arm-none-eabi/lib/thumb/v7-m/nofp/libg.a(libc_a-mallocr.o)
                0x20001cdc                __malloc_top_pad
 .bss.__atexit0
                0x20001ce0      0x190 /home/royivri/st/stm32cubeclt_1.19.0/GNU-tools-for-STM32/bin/../lib/gcc/arm-none-eabi/13.3.1/../../../../arm-none-eabi/lib/thumb/v7-m/nofp/libg.a(libc_a-__atexit.o)
                0x20001ce0                __atexit0
 *(COMMON)
                0x20001e70                        . = ALIGN (0x4)
                0x20001e70                        _ebss = .
                0x20001e70                        __bss_end__ = _ebss

._user_heap_stack
                0x20001e70      0x600 load address 0x08004454
                0x20001e70                        . = ALIGN (0x8)
                [!provide]                        PROVIDE (end = .)
                0x20001e70                        PROVIDE (_end = .)
                0x20002070                        . = (. + _Min_Heap_Size)
 *fill*         0x20001e70      0x200 
                0x20002470                        . = (. + _Min_Stack_Size)
 *fill*         0x20002070      0x400 
                0x20002470                        . = ALIGN (0x8)

/DISCARD/
 libc.a(*)
 libm.a(*)
 libgcc.a(*)

.ARM.attributes
                0x00000000       0x29
 *(.ARM.attributes)
 .ARM.attributes
                0x00000000       0x1d /home/royivri/st/stm32cubeclt_1.19.0/GNU-tools-for-STM32/bin/../lib/gcc/arm-none-eabi/13.3.1/thumb/v7-m/nofp/crti.o
 .ARM.attributes
                0x0000001d       0x2d /home/royivri/st/stm32cubeclt_1.19.0/GNU-tools-for-STM32/bin/../lib/gcc/arm-none-eabi/13.3.1/thumb/v7-m/nofp/crtbegin.o
 .ARM.attributes
                0x0000004a       0x2d CMakeFiles/ra-02_ACTOR.elf.dir/Core/Src/dma.c.obj
 .ARM.attributes
                0x00000077       0x2d CMakeFiles/ra-02_ACTOR.elf.dir/Core/Src/freertos.c.obj
 .ARM.attributes
                0x000000a4       0x2d CMakeFiles/ra-02_ACTOR.elf.dir/Core/Src/gpio.c.obj
 .ARM.attributes
                0x000000d1       0x2d CMakeFiles/ra-02_ACTOR.elf.dir/Core/Src/main.c.obj
 .ARM.attributes
                0x000000fe       0x2d CMakeFiles/ra-02_ACTOR.elf.dir/Core/Src/spi.c.obj
 .ARM.attributes
                0x0000012b       0x2d CMakeFiles/ra-02_ACTOR.elf.dir/Core/Src/stm32f1xx_hal_msp.c.obj
 .ARM.attributes
                0x00000158       0x2d CMakeFiles/ra-02_ACTOR.elf.dir/Core/Src/stm32f1xx_hal_timebase_tim.c.obj
 .ARM.attributes
                0x00000185       0x2d CMakeFiles/ra-02_ACTOR.elf.dir/Core/Src/stm32f1xx_it.c.obj
 .ARM.attributes
                0x000001b2       0x2d CMakeFiles/ra-02_ACTOR.elf.dir/Core/Src/sysmem.c.obj
 .ARM.attributes
                0x000001df       0x2d CMakeFiles/ra-02_ACTOR.elf.dir/Core/Src/system_stm32f1xx.c.obj
 .ARM.attributes
                0x0000020c       0x2d CMakeFiles/ra-02_ACTOR.elf.dir/Core/Src/usart.c.obj
 .ARM.attributes
                0x00000239       0x21 CMakeFiles/ra-02_ACTOR.elf.dir/Core/Startup/startup_stm32f103c8tx.s.obj
 .ARM.attributes
                0x0000025a       0x2d CMakeFiles/ra-02_ACTOR.elf.dir/Drivers/STM32F1xx_HAL_Driver/Src/stm32f1xx_hal.c.obj
 .ARM.attributes
                0x00000287       0x2d CMakeFiles/ra-02_ACTOR.elf.dir/Drivers/STM32F1xx_HAL_Driver/Src/stm32f1xx_hal_cortex.c.obj
 .ARM.attributes
                0x000002b4       0x2d CMakeFiles/ra-02_ACTOR.elf.dir/Drivers/STM32F1xx_HAL_Driver/Src/stm32f1xx_hal_dma.c.obj
 .ARM.attributes
                0x000002e1       0x2d CMakeFiles/ra-02_ACTOR.elf.dir/Drivers/STM32F1xx_HAL_Driver/Src/stm32f1xx_hal_gpio.c.obj
 .ARM.attributes
                0x0000030e       0x2d CMakeFiles/ra-02_ACTOR.elf.dir/Drivers/STM32F1xx_HAL_Driver/Src/stm32f1xx_hal_rcc.c.obj
 .ARM.attributes
                0x0000033b       0x2d CMakeFiles/ra-02_ACTOR.elf.dir/Drivers/STM32F1xx_HAL_Driver/Src/stm32f1xx_hal_spi.c.obj
 .ARM.attributes
                0x00000368       0x2d CMakeFiles/ra-02_ACTOR.elf.dir/Drivers/STM32F1xx_HAL_Driver/Src/stm32f1xx_hal_tim.c.obj
 .ARM.attributes
                0x00000395       0x2d CMakeFiles/ra-02_ACTOR.elf.dir/Drivers/STM32F1xx_HAL_Driver/Src/stm32f1xx_hal_tim_ex.c.obj
 .ARM.attributes
                0x000003c2       0x2d CMakeFiles/ra-02_ACTOR.elf.dir/Drivers/STM32F1xx_HAL_Driver/Src/stm32f1xx_hal_uart.c.obj
 .ARM.attributes
                0x000003ef       0x2d CMakeFiles/ra-02_ACTOR.elf.dir/Middlewares/Third_Party/FreeRTOS/Source/CMSIS_RTOS_V2/cmsis_os2.c.obj
 .ARM.attributes
                0x0000041c       0x2d CMakeFiles/ra-02_ACTOR.elf.dir/Middlewares/Third_Party/FreeRTOS/Source/list.c.obj
 .ARM.attributes
                0x00000449       0x2d CMakeFiles/ra-02_ACTOR.elf.dir/Middlewares/Third_Party/FreeRTOS/Source/portable/GCC/ARM_CM3/port.c.obj
 .ARM.attributes
                0x00000476       0x2d CMakeFiles/ra-02_ACTOR.elf.dir/Middlewares/Third_Party/FreeRTOS/Source/portable/MemMang/heap_4.c.obj
 .ARM.attributes
                0x000004a3       0x2d CMakeFiles/ra-02_ACTOR.elf.dir/Middlewares/Third_Party/FreeRTOS/Source/queue.c.obj
 .ARM.attributes
                0x000004d0       0x2d CMakeFiles/ra-02_ACTOR.elf.dir/Middlewares/Third_Party/FreeRTOS/Source/tasks.c.obj
 .ARM.attributes
                0x000004fd       0x2d CMakeFiles/ra-02_ACTOR.elf.dir/Middlewares/Third_Party/FreeRTOS/Source/timers.c.obj
 .ARM.attributes
                0x0000052a       0x2d /home/royivri/st/stm32cubeclt_1.19.0/GNU-tools-for-STM32/bin/../lib/gcc/arm-none-eabi/13.3.1/../../../../arm-none-eabi/lib/thumb/v7-m/nofp/libg.a(libc_a-findfp.o)
 .ARM.attributes
                0x00000557       0x2d /home/royivri/st/stm32cubeclt_1.19.0/GNU-tools-for-STM32/bin/../lib/gcc/arm-none-eabi/13.3.1/../../../../arm-none-eabi/lib/thumb/v7-m/nofp/libg.a(libc_a-memset.o)
 .ARM.attributes
                0x00000584       0x2d /home/royivri/st/stm32cubeclt_1.19.0/GNU-tools-for-STM32/bin/../lib/gcc/arm-none-eabi/13.3.1/../../../../arm-none-eabi/lib/thumb/v7-m/nofp/libg.a(libc_a-reent.o)
 .ARM.attributes
                0x000005b1       0x2d /home/royivri/st/stm32cubeclt_1.19.0/GNU-tools-for-STM32/bin/../lib/gcc/arm-none-eabi/13.3.1/../../../../arm-none-eabi/lib/thumb/v7-m/nofp/libg.a(libc_a-impure.o)
 .ARM.attributes
                0x000005de       0x2d /home/royivri/st/stm32cubeclt_1.19.0/GNU-tools-for-STM32/bin/../lib/gcc/arm-none-eabi/13.3.1/../../../../arm-none-eabi/lib/thumb/v7-m/nofp/libg.a(libc_a-errno.o)
 .ARM.attributes
                0x0000060b       0x2d /home/royivri/st/stm32cubeclt_1.19.0/GNU-tools-for-STM32/bin/../lib/gcc/arm-none-eabi/13.3.1/../../../../arm-none-eabi/lib/thumb/v7-m/nofp/libg.a(libc_a-init.o)
 .ARM.attributes
                0x00000638       0x2d /home/royivri/st/stm32cubeclt_1.19.0/GNU-tools-for-STM32/bin/../lib/gcc/arm-none-eabi/13.3.1/../../../../arm-none-eabi/lib/thumb/v7-m/nofp/libg.a(libc_a-lock.o)
 .ARM.attributes
                0x00000665       0x2d /home/royivri/st/stm32cubeclt_1.19.0/GNU-tools-for-STM32/bin/../lib/gcc/arm-none-eabi/13.3.1/../../../../arm-none-eabi/lib/thumb/v7-m/nofp/libg.a(libc_a-memcpy-stub.o)
 .ARM.attributes
                0x00000692       0x2d /home/royivri/st/stm32cubeclt_1.19.0/GNU-tools-for-STM32/bin/../lib/gcc/arm-none-eabi/13.3.1/../../../../arm-none-eabi/lib/thumb/v7-m/nofp/libg.a(libc_a-__call_atexit.o)
 .ARM.attributes
                0x000006bf       0x2d /home/royivri/st/stm32cubeclt_1.19.0/GNU-tools-for-STM32/bin/../lib/gcc/arm-none-eabi/13.3.1/../../../../arm-none-eabi/lib/thumb/v7-m/nofp/libg.a(libc_a-atexit.o)
 .ARM.attributes
                0x000006ec       0x2d /home/royivri/st/stm32cubeclt_1.19.0/GNU-tools-for-STM32/bin/../lib/gcc/arm-none-eabi/13.3.1/../../../../arm-none-eabi/lib/thumb/v7-m/nofp/libg.a(libc_a-freer.o)
 .ARM.attributes
                0x00000719       0x2d /home/royivri/st/stm32cubeclt_1.19.0/GNU-tools-for-STM32/bin/../lib/gcc/arm-none-eabi/13.3.1/../../../../arm-none-eabi/lib/thumb/v7-m/nofp/libg.a(libc_a-mallocr.o)
 .ARM.attributes
                0x00000746       0x2d /home/royivri/st/stm32cubeclt_1.19.0/GNU-tools-for-STM32/bin/../lib/gcc/arm-none-eabi/13.3.1/../../../../arm-none-eabi/lib/thumb/v7-m/nofp/libg.a(libc_a-mlock.o)
 .ARM.attributes
                0x00000773       0x2d /home/royivri/st/stm32cubeclt_1.19.0/GNU-tools-for-STM32/bin/../lib/gcc/arm-none-eabi/13.3.1/../../../../arm-none-eabi/lib/thumb/v7-m/nofp/libg.a(libc_a-sbrkr.o)
 .ARM.attributes
                0x000007a0       0x2d /home/royivri/st/stm32cubeclt_1.19.0/GNU-tools-for-STM32/bin/../lib/gcc/arm-none-eabi/13.3.1/../../../../arm-none-eabi/lib/thumb/v7-m/nofp/libg.a(libc_a-fini.o)
 .ARM.attributes
                0x000007cd       0x2d /home/royivri/st/stm32cubeclt_1.19.0/GNU-tools-for-STM32/bin/../lib/gcc/arm-none-eabi/13.3.1/../../../../arm-none-eabi/lib/thumb/v7-m/nofp/libg.a(libc_a-sysconf.o)
 .ARM.attributes
                0x000007fa       0x2d /home/royivri/st/stm32cubeclt_1.19.0/GNU-tools-for-STM32/bin/../lib/gcc/arm-none-eabi/13.3.1/../../../../arm-none-eabi/lib/thumb/v7-m/nofp/libg.a(libc_a-__atexit.o)
 .ARM.attributes
                0x00000827       0x1d /home/royivri/st/stm32cubeclt_1.19.0/GNU-tools-for-STM32/bin/../lib/gcc/arm-none-eabi/13.3.1/thumb/v7-m/nofp/crtn.o
OUTPUT(ra-02_ACTOR.elf elf32-littlearm)
LOAD linker stubs
LOAD /home/royivri/st/stm32cubeclt_1.19.0/GNU-tools-for-STM32/bin/../lib/gcc/arm-none-eabi/13.3.1/../../../../arm-none-eabi/lib/thumb/v7-m/nofp/libc.a
LOAD /home/royivri/st/stm32cubeclt_1.19.0/GNU-tools-for-STM32/bin/../lib/gcc/arm-none-eabi/13.3.1/../../../../arm-none-eabi/lib/thumb/v7-m/nofp/libm.a
LOAD /home/royivri/st/stm32cubeclt_1.19.0/GNU-tools-for-STM32/bin/../lib/gcc/arm-none-eabi/13.3.1/thumb/v7-m/nofp/libgcc.a

.debug_info     0x00000000    0x262e2
 .debug_info    0x00000000      0x35b CMakeFiles/ra-02_ACTOR.elf.dir/Core/Src/dma.c.obj
 .debug_info    0x0000035b      0x3bf CMakeFiles/ra-02_ACTOR.elf.dir/Core/Src/freertos.c.obj
 .debug_info    0x0000071a      0x5a7 CMakeFiles/ra-02_ACTOR.elf.dir/Core/Src/gpio.c.obj
 .debug_info    0x00000cc1      0x97a CMakeFiles/ra-02_ACTOR.elf.dir/Core/Src/main.c.obj
 .debug_info    0x0000163b      0x831 CMakeFiles/ra-02_ACTOR.elf.dir/Core/Src/spi.c.obj
 .debug_info    0x00001e6c      0x382 CMakeFiles/ra-02_ACTOR.elf.dir/Core/Src/stm32f1xx_hal_msp.c.obj
 .debug_info    0x000021ee      0xa48 CMakeFiles/ra-02_ACTOR.elf.dir/Core/Src/stm32f1xx_hal_timebase_tim.c.obj
 .debug_info    0x00002c36      0xa7b CMakeFiles/ra-02_ACTOR.elf.dir/Core/Src/stm32f1xx_it.c.obj
 .debug_info    0x000036b1      0x171 CMakeFiles/ra-02_ACTOR.elf.dir/Core/Src/sysmem.c.obj
 .debug_info    0x00003822      0x22d CMakeFiles/ra-02_ACTOR.elf.dir/Core/Src/system_stm32f1xx.c.obj
 .debug_info    0x00003a4f      0xbd6 CMakeFiles/ra-02_ACTOR.elf.dir/Core/Src/usart.c.obj
 .debug_info    0x00004625       0x30 CMakeFiles/ra-02_ACTOR.elf.dir/Core/Startup/startup_stm32f103c8tx.s.obj
 .debug_info    0x00004655      0x7a2 CMakeFiles/ra-02_ACTOR.elf.dir/Drivers/STM32F1xx_HAL_Driver/Src/stm32f1xx_hal.c.obj
 .debug_info    0x00004df7      0xcd9 CMakeFiles/ra-02_ACTOR.elf.dir/Drivers/STM32F1xx_HAL_Driver/Src/stm32f1xx_hal_cortex.c.obj
 .debug_info    0x00005ad0      0x7f2 CMakeFiles/ra-02_ACTOR.elf.dir/Drivers/STM32F1xx_HAL_Driver/Src/stm32f1xx_hal_dma.c.obj
 .debug_info    0x000062c2      0x604 CMakeFiles/ra-02_ACTOR.elf.dir/Drivers/STM32F1xx_HAL_Driver/Src/stm32f1xx_hal_gpio.c.obj
 .debug_info    0x000068c6      0x9c7 CMakeFiles/ra-02_ACTOR.elf.dir/Drivers/STM32F1xx_HAL_Driver/Src/stm32f1xx_hal_rcc.c.obj
 .debug_info    0x0000728d     0x1ba8 CMakeFiles/ra-02_ACTOR.elf.dir/Drivers/STM32F1xx_HAL_Driver/Src/stm32f1xx_hal_spi.c.obj
 .debug_info    0x00008e35     0x3c0f CMakeFiles/ra-02_ACTOR.elf.dir/Drivers/STM32F1xx_HAL_Driver/Src/stm32f1xx_hal_tim.c.obj
 .debug_info    0x0000ca44     0x1aac CMakeFiles/ra-02_ACTOR.elf.dir/Drivers/STM32F1xx_HAL_Driver/Src/stm32f1xx_hal_tim_ex.c.obj
 .debug_info    0x0000e4f0     0x3f85 CMakeFiles/ra-02_ACTOR.elf.dir/Drivers/STM32F1xx_HAL_Driver/Src/stm32f1xx_hal_uart.c.obj
 .debug_info    0x00012475     0x542c CMakeFiles/ra-02_ACTOR.elf.dir/Middlewares/Third_Party/FreeRTOS/Source/CMSIS_RTOS_V2/cmsis_os2.c.obj
 .debug_info    0x000178a1      0x2bf CMakeFiles/ra-02_ACTOR.elf.dir/Middlewares/Third_Party/FreeRTOS/Source/list.c.obj
 .debug_info    0x00017b60      0x505 CMakeFiles/ra-02_ACTOR.elf.dir/Middlewares/Third_Party/FreeRTOS/Source/portable/GCC/ARM_CM3/port.c.obj
 .debug_info    0x00018065      0x593 CMakeFiles/ra-02_ACTOR.elf.dir/Middlewares/Third_Party/FreeRTOS/Source/portable/MemMang/heap_4.c.obj
 .debug_info    0x000185f8     0x27a8 CMakeFiles/ra-02_ACTOR.elf.dir/Middlewares/Third_Party/FreeRTOS/Source/queue.c.obj
 .debug_info    0x0001ada0     0x37d5 CMakeFiles/ra-02_ACTOR.elf.dir/Middlewares/Third_Party/FreeRTOS/Source/tasks.c.obj
 .debug_info    0x0001e575     0x2215 CMakeFiles/ra-02_ACTOR.elf.dir/Middlewares/Third_Party/FreeRTOS/Source/timers.c.obj
 .debug_info    0x0002078a      0xfee /home/royivri/st/stm32cubeclt_1.19.0/GNU-tools-for-STM32/bin/../lib/gcc/arm-none-eabi/13.3.1/../../../../arm-none-eabi/lib/thumb/v7-m/nofp/libg.a(libc_a-findfp.o)
 .debug_info    0x00021778       0xe0 /home/royivri/st/stm32cubeclt_1.19.0/GNU-tools-for-STM32/bin/../lib/gcc/arm-none-eabi/13.3.1/../../../../arm-none-eabi/lib/thumb/v7-m/nofp/libg.a(libc_a-memset.o)
 .debug_info    0x00021858      0x850 /home/royivri/st/stm32cubeclt_1.19.0/GNU-tools-for-STM32/bin/../lib/gcc/arm-none-eabi/13.3.1/../../../../arm-none-eabi/lib/thumb/v7-m/nofp/libg.a(libc_a-reent.o)
 .debug_info    0x000220a8      0x750 /home/royivri/st/stm32cubeclt_1.19.0/GNU-tools-for-STM32/bin/../lib/gcc/arm-none-eabi/13.3.1/../../../../arm-none-eabi/lib/thumb/v7-m/nofp/libg.a(libc_a-impure.o)
 .debug_info    0x000227f8      0x736 /home/royivri/st/stm32cubeclt_1.19.0/GNU-tools-for-STM32/bin/../lib/gcc/arm-none-eabi/13.3.1/../../../../arm-none-eabi/lib/thumb/v7-m/nofp/libg.a(libc_a-errno.o)
 .debug_info    0x00022f2e      0x10b /home/royivri/st/stm32cubeclt_1.19.0/GNU-tools-for-STM32/bin/../lib/gcc/arm-none-eabi/13.3.1/../../../../arm-none-eabi/lib/thumb/v7-m/nofp/libg.a(libc_a-init.o)
 .debug_info    0x00023039      0x218 /home/royivri/st/stm32cubeclt_1.19.0/GNU-tools-for-STM32/bin/../lib/gcc/arm-none-eabi/13.3.1/../../../../arm-none-eabi/lib/thumb/v7-m/nofp/libg.a(libc_a-lock.o)
 .debug_info    0x00023251      0x121 /home/royivri/st/stm32cubeclt_1.19.0/GNU-tools-for-STM32/bin/../lib/gcc/arm-none-eabi/13.3.1/../../../../arm-none-eabi/lib/thumb/v7-m/nofp/libg.a(libc_a-memcpy-stub.o)
 .debug_info    0x00023372      0x2dd /home/royivri/st/stm32cubeclt_1.19.0/GNU-tools-for-STM32/bin/../lib/gcc/arm-none-eabi/13.3.1/../../../../arm-none-eabi/lib/thumb/v7-m/nofp/libg.a(libc_a-__call_atexit.o)
 .debug_info    0x0002364f      0x11e /home/royivri/st/stm32cubeclt_1.19.0/GNU-tools-for-STM32/bin/../lib/gcc/arm-none-eabi/13.3.1/../../../../arm-none-eabi/lib/thumb/v7-m/nofp/libg.a(libc_a-atexit.o)
 .debug_info    0x0002376d      0xb62 /home/royivri/st/stm32cubeclt_1.19.0/GNU-tools-for-STM32/bin/../lib/gcc/arm-none-eabi/13.3.1/../../../../arm-none-eabi/lib/thumb/v7-m/nofp/libg.a(libc_a-freer.o)
 .debug_info    0x000242cf      0xc99 /home/royivri/st/stm32cubeclt_1.19.0/GNU-tools-for-STM32/bin/../lib/gcc/arm-none-eabi/13.3.1/../../../../arm-none-eabi/lib/thumb/v7-m/nofp/libg.a(libc_a-mallocr.o)
 .debug_info    0x00024f68      0x7a6 /home/royivri/st/stm32cubeclt_1.19.0/GNU-tools-for-STM32/bin/../lib/gcc/arm-none-eabi/13.3.1/../../../../arm-none-eabi/lib/thumb/v7-m/nofp/libg.a(libc_a-mlock.o)
 .debug_info    0x0002570e      0x7bd /home/royivri/st/stm32cubeclt_1.19.0/GNU-tools-for-STM32/bin/../lib/gcc/arm-none-eabi/13.3.1/../../../../arm-none-eabi/lib/thumb/v7-m/nofp/libg.a(libc_a-sbrkr.o)
 .debug_info    0x00025ecb       0xf7 /home/royivri/st/stm32cubeclt_1.19.0/GNU-tools-for-STM32/bin/../lib/gcc/arm-none-eabi/13.3.1/../../../../arm-none-eabi/lib/thumb/v7-m/nofp/libg.a(libc_a-fini.o)
 .debug_info    0x00025fc2       0xc1 /home/royivri/st/stm32cubeclt_1.19.0/GNU-tools-for-STM32/bin/../lib/gcc/arm-none-eabi/13.3.1/../../../../arm-none-eabi/lib/thumb/v7-m/nofp/libg.a(libc_a-sysconf.o)
 .debug_info    0x00026083      0x25f /home/royivri/st/stm32cubeclt_1.19.0/GNU-tools-for-STM32/bin/../lib/gcc/arm-none-eabi/13.3.1/../../../../arm-none-eabi/lib/thumb/v7-m/nofp/libg.a(libc_a-__atexit.o)

.debug_abbrev   0x00000000     0x5cdb
 .debug_abbrev  0x00000000      0x119 CMakeFiles/ra-02_ACTOR.elf.dir/Core/Src/dma.c.obj
 .debug_abbrev  0x00000119      0x13f CMakeFiles/ra-02_ACTOR.elf.dir/Core/Src/freertos.c.obj
 .debug_abbrev  0x00000258      0x173 CMakeFiles/ra-02_ACTOR.elf.dir/Core/Src/gpio.c.obj
 .debug_abbrev  0x000003cb      0x249 CMakeFiles/ra-02_ACTOR.elf.dir/Core/Src/main.c.obj
 .debug_abbrev  0x00000614      0x205 CMakeFiles/ra-02_ACTOR.elf.dir/Core/Src/spi.c.obj
 .debug_abbrev  0x00000819      0x137 CMakeFiles/ra-02_ACTOR.elf.dir/Core/Src/stm32f1xx_hal_msp.c.obj
 .debug_abbrev  0x00000950      0x231 CMakeFiles/ra-02_ACTOR.elf.dir/Core/Src/stm32f1xx_hal_timebase_tim.c.obj
 .debug_abbrev  0x00000b81      0x1e0 CMakeFiles/ra-02_ACTOR.elf.dir/Core/Src/stm32f1xx_it.c.obj
 .debug_abbrev  0x00000d61       0xea CMakeFiles/ra-02_ACTOR.elf.dir/Core/Src/sysmem.c.obj
 .debug_abbrev  0x00000e4b      0x143 CMakeFiles/ra-02_ACTOR.elf.dir/Core/Src/system_stm32f1xx.c.obj
 .debug_abbrev  0x00000f8e      0x23d CMakeFiles/ra-02_ACTOR.elf.dir/Core/Src/usart.c.obj
 .debug_abbrev  0x000011cb       0x24 CMakeFiles/ra-02_ACTOR.elf.dir/Core/Startup/startup_stm32f103c8tx.s.obj
 .debug_abbrev  0x000011ef      0x22d CMakeFiles/ra-02_ACTOR.elf.dir/Drivers/STM32F1xx_HAL_Driver/Src/stm32f1xx_hal.c.obj
 .debug_abbrev  0x0000141c      0x36d CMakeFiles/ra-02_ACTOR.elf.dir/Drivers/STM32F1xx_HAL_Driver/Src/stm32f1xx_hal_cortex.c.obj
 .debug_abbrev  0x00001789      0x244 CMakeFiles/ra-02_ACTOR.elf.dir/Drivers/STM32F1xx_HAL_Driver/Src/stm32f1xx_hal_dma.c.obj
 .debug_abbrev  0x000019cd      0x1f7 CMakeFiles/ra-02_ACTOR.elf.dir/Drivers/STM32F1xx_HAL_Driver/Src/stm32f1xx_hal_gpio.c.obj
 .debug_abbrev  0x00001bc4      0x2a0 CMakeFiles/ra-02_ACTOR.elf.dir/Drivers/STM32F1xx_HAL_Driver/Src/stm32f1xx_hal_rcc.c.obj
 .debug_abbrev  0x00001e64      0x272 CMakeFiles/ra-02_ACTOR.elf.dir/Drivers/STM32F1xx_HAL_Driver/Src/stm32f1xx_hal_spi.c.obj
 .debug_abbrev  0x000020d6      0x270 CMakeFiles/ra-02_ACTOR.elf.dir/Drivers/STM32F1xx_HAL_Driver/Src/stm32f1xx_hal_tim.c.obj
 .debug_abbrev  0x00002346      0x26e CMakeFiles/ra-02_ACTOR.elf.dir/Drivers/STM32F1xx_HAL_Driver/Src/stm32f1xx_hal_tim_ex.c.obj
 .debug_abbrev  0x000025b4      0x31c CMakeFiles/ra-02_ACTOR.elf.dir/Drivers/STM32F1xx_HAL_Driver/Src/stm32f1xx_hal_uart.c.obj
 .debug_abbrev  0x000028d0      0x602 CMakeFiles/ra-02_ACTOR.elf.dir/Middlewares/Third_Party/FreeRTOS/Source/CMSIS_RTOS_V2/cmsis_os2.c.obj
 .debug_abbrev  0x00002ed2      0x10a CMakeFiles/ra-02_ACTOR.elf.dir/Middlewares/Third_Party/FreeRTOS/Source/list.c.obj
 .debug_abbrev  0x00002fdc      0x2a4 CMakeFiles/ra-02_ACTOR.elf.dir/Middlewares/Third_Party/FreeRTOS/Source/portable/GCC/ARM_CM3/port.c.obj
 .debug_abbrev  0x00003280      0x263 CMakeFiles/ra-02_ACTOR.elf.dir/Middlewares/Third_Party/FreeRTOS/Source/portable/MemMang/heap_4.c.obj
 .debug_abbrev  0x000034e3      0x3ea CMakeFiles/ra-02_ACTOR.elf.dir/Middlewares/Third_Party/FreeRTOS/Source/queue.c.obj
 .debug_abbrev  0x000038cd      0x45f CMakeFiles/ra-02_ACTOR.elf.dir/Middlewares/Third_Party/FreeRTOS/Source/tasks.c.obj
 .debug_abbrev  0x00003d2c      0x3c7 CMakeFiles/ra-02_ACTOR.elf.dir/Middlewares/Third_Party/FreeRTOS/Source/timers.c.obj
 .debug_abbrev  0x000040f3      0x462 /home/royivri/st/stm32cubeclt_1.19.0/GNU-tools-for-STM32/bin/../lib/gcc/arm-none-eabi/13.3.1/../../../../arm-none-eabi/lib/thumb/v7-m/nofp/libg.a(libc_a-findfp.o)
 .debug_abbrev  0x00004555       0x9e /home/royivri/st/stm32cubeclt_1.19.0/GNU-tools-for-STM32/bin/../lib/gcc/arm-none-eabi/13.3.1/../../../../arm-none-eabi/lib/thumb/v7-m/nofp/libg.a(libc_a-memset.o)
 .debug_abbrev  0x000045f3      0x233 /home/royivri/st/stm32cubeclt_1.19.0/GNU-tools-for-STM32/bin/../lib/gcc/arm-none-eabi/13.3.1/../../../../arm-none-eabi/lib/thumb/v7-m/nofp/libg.a(libc_a-reent.o)
 .debug_abbrev  0x00004826      0x185 /home/royivri/st/stm32cubeclt_1.19.0/GNU-tools-for-STM32/bin/../lib/gcc/arm-none-eabi/13.3.1/../../../../arm-none-eabi/lib/thumb/v7-m/nofp/libg.a(libc_a-impure.o)
 .debug_abbrev  0x000049ab      0x19a /home/royivri/st/stm32cubeclt_1.19.0/GNU-tools-for-STM32/bin/../lib/gcc/arm-none-eabi/13.3.1/../../../../arm-none-eabi/lib/thumb/v7-m/nofp/libg.a(libc_a-errno.o)
 .debug_abbrev  0x00004b45       0xc9 /home/royivri/st/stm32cubeclt_1.19.0/GNU-tools-for-STM32/bin/../lib/gcc/arm-none-eabi/13.3.1/../../../../arm-none-eabi/lib/thumb/v7-m/nofp/libg.a(libc_a-init.o)
 .debug_abbrev  0x00004c0e      0x115 /home/royivri/st/stm32cubeclt_1.19.0/GNU-tools-for-STM32/bin/../lib/gcc/arm-none-eabi/13.3.1/../../../../arm-none-eabi/lib/thumb/v7-m/nofp/libg.a(libc_a-lock.o)
 .debug_abbrev  0x00004d23       0xc1 /home/royivri/st/stm32cubeclt_1.19.0/GNU-tools-for-STM32/bin/../lib/gcc/arm-none-eabi/13.3.1/../../../../arm-none-eabi/lib/thumb/v7-m/nofp/libg.a(libc_a-memcpy-stub.o)
 .debug_abbrev  0x00004de4      0x20c /home/royivri/st/stm32cubeclt_1.19.0/GNU-tools-for-STM32/bin/../lib/gcc/arm-none-eabi/13.3.1/../../../../arm-none-eabi/lib/thumb/v7-m/nofp/libg.a(libc_a-__call_atexit.o)
 .debug_abbrev  0x00004ff0       0xc1 /home/royivri/st/stm32cubeclt_1.19.0/GNU-tools-for-STM32/bin/../lib/gcc/arm-none-eabi/13.3.1/../../../../arm-none-eabi/lib/thumb/v7-m/nofp/libg.a(libc_a-atexit.o)
 .debug_abbrev  0x000050b1      0x27d /home/royivri/st/stm32cubeclt_1.19.0/GNU-tools-for-STM32/bin/../lib/gcc/arm-none-eabi/13.3.1/../../../../arm-none-eabi/lib/thumb/v7-m/nofp/libg.a(libc_a-freer.o)
 .debug_abbrev  0x0000532e      0x2c7 /home/royivri/st/stm32cubeclt_1.19.0/GNU-tools-for-STM32/bin/../lib/gcc/arm-none-eabi/13.3.1/../../../../arm-none-eabi/lib/thumb/v7-m/nofp/libg.a(libc_a-mallocr.o)
 .debug_abbrev  0x000055f5      0x1fb /home/royivri/st/stm32cubeclt_1.19.0/GNU-tools-for-STM32/bin/../lib/gcc/arm-none-eabi/13.3.1/../../../../arm-none-eabi/lib/thumb/v7-m/nofp/libg.a(libc_a-mlock.o)
 .debug_abbrev  0x000057f0      0x216 /home/royivri/st/stm32cubeclt_1.19.0/GNU-tools-for-STM32/bin/../lib/gcc/arm-none-eabi/13.3.1/../../../../arm-none-eabi/lib/thumb/v7-m/nofp/libg.a(libc_a-sbrkr.o)
 .debug_abbrev  0x00005a06       0xcc /home/royivri/st/stm32cubeclt_1.19.0/GNU-tools-for-STM32/bin/../lib/gcc/arm-none-eabi/13.3.1/../../../../arm-none-eabi/lib/thumb/v7-m/nofp/libg.a(libc_a-fini.o)
 .debug_abbrev  0x00005ad2       0x80 /home/royivri/st/stm32cubeclt_1.19.0/GNU-tools-for-STM32/bin/../lib/gcc/arm-none-eabi/13.3.1/../../../../arm-none-eabi/lib/thumb/v7-m/nofp/libg.a(libc_a-sysconf.o)
 .debug_abbrev  0x00005b52      0x189 /home/royivri/st/stm32cubeclt_1.19.0/GNU-tools-for-STM32/bin/../lib/gcc/arm-none-eabi/13.3.1/../../../../arm-none-eabi/lib/thumb/v7-m/nofp/libg.a(libc_a-__atexit.o)

.debug_aranges  0x00000000     0x1938
 .debug_aranges
                0x00000000       0x20 CMakeFiles/ra-02_ACTOR.elf.dir/Core/Src/dma.c.obj
 .debug_aranges
                0x00000020       0x28 CMakeFiles/ra-02_ACTOR.elf.dir/Core/Src/freertos.c.obj
 .debug_aranges
                0x00000048       0x20 CMakeFiles/ra-02_ACTOR.elf.dir/Core/Src/gpio.c.obj
 .debug_aranges
                0x00000068       0x38 CMakeFiles/ra-02_ACTOR.elf.dir/Core/Src/main.c.obj
 .debug_aranges
                0x000000a0       0x30 CMakeFiles/ra-02_ACTOR.elf.dir/Core/Src/spi.c.obj
 .debug_aranges
                0x000000d0       0x20 CMakeFiles/ra-02_ACTOR.elf.dir/Core/Src/stm32f1xx_hal_msp.c.obj
 .debug_aranges
                0x000000f0       0x30 CMakeFiles/ra-02_ACTOR.elf.dir/Core/Src/stm32f1xx_hal_timebase_tim.c.obj
 .debug_aranges
                0x00000120       0x88 CMakeFiles/ra-02_ACTOR.elf.dir/Core/Src/stm32f1xx_it.c.obj
 .debug_aranges
                0x000001a8       0x20 CMakeFiles/ra-02_ACTOR.elf.dir/Core/Src/sysmem.c.obj
 .debug_aranges
                0x000001c8       0x28 CMakeFiles/ra-02_ACTOR.elf.dir/Core/Src/system_stm32f1xx.c.obj
 .debug_aranges
                0x000001f0       0x38 CMakeFiles/ra-02_ACTOR.elf.dir/Core/Src/usart.c.obj
 .debug_aranges
                0x00000228       0x28 CMakeFiles/ra-02_ACTOR.elf.dir/Core/Startup/startup_stm32f103c8tx.s.obj
 .debug_aranges
                0x00000250       0xe0 CMakeFiles/ra-02_ACTOR.elf.dir/Drivers/STM32F1xx_HAL_Driver/Src/stm32f1xx_hal.c.obj
 .debug_aranges
                0x00000330       0xc0 CMakeFiles/ra-02_ACTOR.elf.dir/Drivers/STM32F1xx_HAL_Driver/Src/stm32f1xx_hal_cortex.c.obj
 .debug_aranges
                0x000003f0       0x80 CMakeFiles/ra-02_ACTOR.elf.dir/Drivers/STM32F1xx_HAL_Driver/Src/stm32f1xx_hal_dma.c.obj
 .debug_aranges
                0x00000470       0x58 CMakeFiles/ra-02_ACTOR.elf.dir/Drivers/STM32F1xx_HAL_Driver/Src/stm32f1xx_hal_gpio.c.obj
 .debug_aranges
                0x000004c8       0x90 CMakeFiles/ra-02_ACTOR.elf.dir/Drivers/STM32F1xx_HAL_Driver/Src/stm32f1xx_hal_rcc.c.obj
 .debug_aranges
                0x00000558      0x1d0 CMakeFiles/ra-02_ACTOR.elf.dir/Drivers/STM32F1xx_HAL_Driver/Src/stm32f1xx_hal_spi.c.obj
 .debug_aranges
                0x00000728      0x3d0 CMakeFiles/ra-02_ACTOR.elf.dir/Drivers/STM32F1xx_HAL_Driver/Src/stm32f1xx_hal_tim.c.obj
 .debug_aranges
                0x00000af8      0x168 CMakeFiles/ra-02_ACTOR.elf.dir/Drivers/STM32F1xx_HAL_Driver/Src/stm32f1xx_hal_tim_ex.c.obj
 .debug_aranges
                0x00000c60      0x208 CMakeFiles/ra-02_ACTOR.elf.dir/Drivers/STM32F1xx_HAL_Driver/Src/stm32f1xx_hal_uart.c.obj
 .debug_aranges
                0x00000e68      0x2a0 CMakeFiles/ra-02_ACTOR.elf.dir/Middlewares/Third_Party/FreeRTOS/Source/CMSIS_RTOS_V2/cmsis_os2.c.obj
 .debug_aranges
                0x00001108       0x40 CMakeFiles/ra-02_ACTOR.elf.dir/Middlewares/Third_Party/FreeRTOS/Source/list.c.obj
 .debug_aranges
                0x00001148       0x78 CMakeFiles/ra-02_ACTOR.elf.dir/Middlewares/Third_Party/FreeRTOS/Source/portable/GCC/ARM_CM3/port.c.obj
 .debug_aranges
                0x000011c0       0x58 CMakeFiles/ra-02_ACTOR.elf.dir/Middlewares/Third_Party/FreeRTOS/Source/portable/MemMang/heap_4.c.obj
 .debug_aranges
                0x00001218      0x158 CMakeFiles/ra-02_ACTOR.elf.dir/Middlewares/Third_Party/FreeRTOS/Source/queue.c.obj
 .debug_aranges
                0x00001370      0x208 CMakeFiles/ra-02_ACTOR.elf.dir/Middlewares/Third_Party/FreeRTOS/Source/tasks.c.obj
 .debug_aranges
                0x00001578       0xf0 CMakeFiles/ra-02_ACTOR.elf.dir/Middlewares/Third_Party/FreeRTOS/Source/timers.c.obj
 .debug_aranges
                0x00001668       0x78 /home/royivri/st/stm32cubeclt_1.19.0/GNU-tools-for-STM32/bin/../lib/gcc/arm-none-eabi/13.3.1/../../../../arm-none-eabi/lib/thumb/v7-m/nofp/libg.a(libc_a-findfp.o)
 .debug_aranges
                0x000016e0       0x20 /home/royivri/st/stm32cubeclt_1.19.0/GNU-tools-for-STM32/bin/../lib/gcc/arm-none-eabi/13.3.1/../../../../arm-none-eabi/lib/thumb/v7-m/nofp/libg.a(libc_a-memset.o)
 .debug_aranges
                0x00001700       0x20 /home/royivri/st/stm32cubeclt_1.19.0/GNU-tools-for-STM32/bin/../lib/gcc/arm-none-eabi/13.3.1/../../../../arm-none-eabi/lib/thumb/v7-m/nofp/libg.a(libc_a-reent.o)
 .debug_aranges
                0x00001720       0x18 /home/royivri/st/stm32cubeclt_1.19.0/GNU-tools-for-STM32/bin/../lib/gcc/arm-none-eabi/13.3.1/../../../../arm-none-eabi/lib/thumb/v7-m/nofp/libg.a(libc_a-impure.o)
 .debug_aranges
                0x00001738       0x20 /home/royivri/st/stm32cubeclt_1.19.0/GNU-tools-for-STM32/bin/../lib/gcc/arm-none-eabi/13.3.1/../../../../arm-none-eabi/lib/thumb/v7-m/nofp/libg.a(libc_a-errno.o)
 .debug_aranges
                0x00001758       0x20 /home/royivri/st/stm32cubeclt_1.19.0/GNU-tools-for-STM32/bin/../lib/gcc/arm-none-eabi/13.3.1/../../../../arm-none-eabi/lib/thumb/v7-m/nofp/libg.a(libc_a-init.o)
 .debug_aranges
                0x00001778       0x68 /home/royivri/st/stm32cubeclt_1.19.0/GNU-tools-for-STM32/bin/../lib/gcc/arm-none-eabi/13.3.1/../../../../arm-none-eabi/lib/thumb/v7-m/nofp/libg.a(libc_a-lock.o)
 .debug_aranges
                0x000017e0       0x20 /home/royivri/st/stm32cubeclt_1.19.0/GNU-tools-for-STM32/bin/../lib/gcc/arm-none-eabi/13.3.1/../../../../arm-none-eabi/lib/thumb/v7-m/nofp/libg.a(libc_a-memcpy-stub.o)
 .debug_aranges
                0x00001800       0x28 /home/royivri/st/stm32cubeclt_1.19.0/GNU-tools-for-STM32/bin/../lib/gcc/arm-none-eabi/13.3.1/../../../../arm-none-eabi/lib/thumb/v7-m/nofp/libg.a(libc_a-__call_atexit.o)
 .debug_aranges
                0x00001828       0x20 /home/royivri/st/stm32cubeclt_1.19.0/GNU-tools-for-STM32/bin/../lib/gcc/arm-none-eabi/13.3.1/../../../../arm-none-eabi/lib/thumb/v7-m/nofp/libg.a(libc_a-atexit.o)
 .debug_aranges
                0x00001848       0x28 /home/royivri/st/stm32cubeclt_1.19.0/GNU-tools-for-STM32/bin/../lib/gcc/arm-none-eabi/13.3.1/../../../../arm-none-eabi/lib/thumb/v7-m/nofp/libg.a(libc_a-freer.o)
 .debug_aranges
                0x00001870       0x20 /home/royivri/st/stm32cubeclt_1.19.0/GNU-tools-for-STM32/bin/../lib/gcc/arm-none-eabi/13.3.1/../../../../arm-none-eabi/lib/thumb/v7-m/nofp/libg.a(libc_a-mallocr.o)
 .debug_aranges
                0x00001890       0x28 /home/royivri/st/stm32cubeclt_1.19.0/GNU-tools-for-STM32/bin/../lib/gcc/arm-none-eabi/13.3.1/../../../../arm-none-eabi/lib/thumb/v7-m/nofp/libg.a(libc_a-mlock.o)
 .debug_aranges
                0x000018b8       0x20 /home/royivri/st/stm32cubeclt_1.19.0/GNU-tools-for-STM32/bin/../lib/gcc/arm-none-eabi/13.3.1/../../../../arm-none-eabi/lib/thumb/v7-m/nofp/libg.a(libc_a-sbrkr.o)
 .debug_aranges
                0x000018d8       0x20 /home/royivri/st/stm32cubeclt_1.19.0/GNU-tools-for-STM32/bin/../lib/gcc/arm-none-eabi/13.3.1/../../../../arm-none-eabi/lib/thumb/v7-m/nofp/libg.a(libc_a-fini.o)
 .debug_aranges
                0x000018f8       0x20 /home/royivri/st/stm32cubeclt_1.19.0/GNU-tools-for-STM32/bin/../lib/gcc/arm-none-eabi/13.3.1/../../../../arm-none-eabi/lib/thumb/v7-m/nofp/libg.a(libc_a-sysconf.o)
 .debug_aranges
                0x00001918       0x20 /home/royivri/st/stm32cubeclt_1.19.0/GNU-tools-for-STM32/bin/../lib/gcc/arm-none-eabi/13.3.1/../../../../arm-none-eabi/lib/thumb/v7-m/nofp/libg.a(libc_a-__atexit.o)

.debug_rnglists
                0x00000000     0x1429
 .debug_rnglists
                0x00000000       0x13 CMakeFiles/ra-02_ACTOR.elf.dir/Core/Src/dma.c.obj
 .debug_rnglists
                0x00000013       0x19 CMakeFiles/ra-02_ACTOR.elf.dir/Core/Src/freertos.c.obj
 .debug_rnglists
                0x0000002c       0x14 CMakeFiles/ra-02_ACTOR.elf.dir/Core/Src/gpio.c.obj
 .debug_rnglists
                0x00000040       0x25 CMakeFiles/ra-02_ACTOR.elf.dir/Core/Src/main.c.obj
 .debug_rnglists
                0x00000065       0x1f CMakeFiles/ra-02_ACTOR.elf.dir/Core/Src/spi.c.obj
 .debug_rnglists
                0x00000084       0x13 CMakeFiles/ra-02_ACTOR.elf.dir/Core/Src/stm32f1xx_hal_msp.c.obj
 .debug_rnglists
                0x00000097       0x20 CMakeFiles/ra-02_ACTOR.elf.dir/Core/Src/stm32f1xx_hal_timebase_tim.c.obj
 .debug_rnglists
                0x000000b7       0x61 CMakeFiles/ra-02_ACTOR.elf.dir/Core/Src/stm32f1xx_it.c.obj
 .debug_rnglists
                0x00000118       0x13 CMakeFiles/ra-02_ACTOR.elf.dir/Core/Src/sysmem.c.obj
 .debug_rnglists
                0x0000012b       0x1a CMakeFiles/ra-02_ACTOR.elf.dir/Core/Src/system_stm32f1xx.c.obj
 .debug_rnglists
                0x00000145       0x26 CMakeFiles/ra-02_ACTOR.elf.dir/Core/Src/usart.c.obj
 .debug_rnglists
                0x0000016b       0x19 CMakeFiles/ra-02_ACTOR.elf.dir/Core/Startup/startup_stm32f103c8tx.s.obj
 .debug_rnglists
                0x00000184       0xa3 CMakeFiles/ra-02_ACTOR.elf.dir/Drivers/STM32F1xx_HAL_Driver/Src/stm32f1xx_hal.c.obj
 .debug_rnglists